******************************************************************************
                  TI ARM Linker PC v5.2.6                      
******************************************************************************
>> Linked Tue Dec 15 15:29:15 2015

OUTPUT FILE NAME:   <multifile2.out>
ENTRY POINT SYMBOL: "_c_int00"  address: 000079c1


MEMORY CONFIGURATION

         name            origin    length      used     unused   attr    fill
----------------------  --------  ---------  --------  --------  ----  --------
  FLASH                 00000000   00040000  0000d564  00032a9c  R  X
  SRAM                  20000000   00008000  000079c4  0000063c  RW X


SEGMENT ALLOCATION MAP

run origin  load origin   length   init length attrs members
----------  ----------- ---------- ----------- ----- -------
00000000    00000000    0000d570   0000d570    r-x
  00000000    00000000    0000003c   0000003c    r-- .resetVecs
  00000040    00000040    0000a0d2   0000a0d2    r-x .text
  0000a114    0000a114    00002b7e   00002b7e    r-- .const
  0000cc98    0000cc98    000008d8   000008d8    r-- .cinit
20000000    20000000    00000360   00000000    rw-
  20000000    20000000    00000360   00000000    rw- .vecs
20000380    20000380    00007664   00000000    rw-
  20000380    20000380    00006530   00000000    rw- .bss
  200068b0    200068b0    00000e34   00000000    rw- .data
  200076e4    200076e4    00000300   00000000    rw- .stack


SECTION ALLOCATION MAP

 output                                  attributes/
section   page    origin      length       input sections
--------  ----  ----------  ----------   ----------------
.resetVecs 
*          0    00000000    0000003c     
                  00000000    0000003c     multi_main_pem4f.oem4f (.resetVecs)

.text      0    00000040    0000a0d2     
                  00000040    00000430     sysbios.aem4f : BIOS.obj (.text:ti_sysbios_family_arm_m3_Hwi_excDumpRegs__I)
                  00000470    000003cc     multi_Drive.obj (.text:ReadLightW)
                  0000083c    0000034c     ti.targets.arm.rtsarm.aem4f : System.oem4f (.text:xdc_runtime_System_doPrint__I)
                  00000b88    00000314     sysbios.aem4f : BIOS.obj (.text:ti_sysbios_knl_Semaphore_pend__E)
                  00000e9c    000002d4     rtsv7M4_T_le_v4SPD16_eabi.lib : trgdrv.obj (.text)
                  00001170    00000254     sysbios.aem4f : BIOS.obj (.text:ti_sysbios_heaps_HeapMem_free__E)
                  000013c4    00000004     driverlib.lib : uart.obj (.text:UARTIntClear)
                  000013c8    00000240     sysbios.aem4f : BIOS.obj (.text:ti_sysbios_heaps_HeapMem_alloc__E)
                  00001608    0000022c                   : BIOS.obj (.text:ti_sysbios_family_arm_lm4_Timer_start__E)
                  00001834    00000214     drivers_tivaware.aem4f : UARTTiva.oem4f (.text:UARTTiva_open)
                  00001a48    00000208     multi_Drive.obj (.text:PID_Algorithm)
                  00001c50    00000200     sysbios.aem4f : BIOS.obj (.text:ti_sysbios_knl_Task_sleep__E)
                  00001e50    000001fc                   : BIOS.obj (.text:ti_sysbios_family_arm_m3_Hwi_excHandlerMax__I)
                  0000204c    000001b6     rtsv7M4_T_le_v4SPD16_eabi.lib : fd_add_t2.obj (.text)
                  00002202    00000006     driverlib.lib : gpio.obj (.text:GPIOIntClear)
                  00002208    00000198     sysbios.aem4f : BIOS.obj (.text:ti_sysbios_family_arm_m3_Hwi_dispatchC__I)
                  000023a0    0000017c                   : BIOS.obj (.text:ti_sysbios_family_arm_lm4_TimestampProvider_get64__E)
                  0000251c    00000004     multi_main_pem4f.oem4f (.text:ti_sysbios_BIOS_RtsGateProxy_enter__E)
                  00002520    00000178     sysbios.aem4f : BIOS.obj (.text:ti_sysbios_knl_Swi_run__I)
                  00002698    00000174                   : BIOS.obj (.text:ti_sysbios_family_arm_m3_Hwi_excBusFault__I)
                  0000280c    00000170     drivers_tivaware.aem4f : PWMTiva.oem4f (.text:PWMTiva_open)
                  0000297c    00000004     multi_main_pem4f.oem4f (.text:ti_sysbios_BIOS_RtsGateProxy_leave__E)
                  00002980    00000164     sysbios.aem4f : BIOS.obj (.text:ti_sysbios_family_arm_m3_Hwi_excUsageFault__I)
                  00002ae4    00000004                   : BIOS.obj (.text:ti_sysbios_family_arm_lm4_Timer_masterEnable__I)
                  00002ae8    00000160                   : BIOS.obj (.text:ti_sysbios_utils_Load_logLoads__I)
                  00002c48    00000158     multi_Drive.obj (.text:DriveFn)
                  00002da0    00000148     drivers_tivaware.aem4f : GPIOTiva.oem4f (.text:GPIO_setConfig)
                  00002ee8    00000148     multi_Comm.obj (.text:swi_procChar_ISR)
                  00003030    00000148     sysbios.aem4f : BIOS.obj (.text:ti_sysbios_family_arm_m3_Hwi_excMemFault__I)
                  00003178    00000140                   : BIOS.obj (.text:ti_sysbios_knl_Semaphore_post__E)
                  000032b8    0000013c                   : BIOS.obj (.text:ti_sysbios_heaps_HeapMem_Instance_init__E)
                  000033f4    00000138     multi_main_pem4f.oem4f (.text:ti_uia_loggers_LoggerStopMode_writeMemoryRange__E)
                  0000352c    00000134     multi_Cmd.obj (.text:AcquireDataFn)
                  00003660    00000134     sysbios.aem4f : BIOS.obj (.text:ti_sysbios_knl_Clock_workFunc__E)
                  00003794    00000130     driverlib.lib : gpio.obj (.text:GPIOPadConfigSet)
                  000038c4    00000004     multi_main_pem4f.oem4f (.text:ti_sysbios_family_arm_m3_Hwi_destruct)
                  000038c8    0000011c     sysbios.aem4f : BIOS.obj (.text:ti_sysbios_knl_Clock_Instance_init__E)
                  000039e4    00000118     EK_TM4C123GXL.obj (.text:EK_TM4C123GXL_initUART)
                  00003afc    00000118     ti.targets.arm.rtsarm.aem4f : Error.oem4f (.text:xdc_runtime_Error_policyDefault__E)
                  00003c14    00000004     multi_main_pem4f.oem4f (.text:ti_sysbios_family_arm_m3_TaskSupport_Module__startupDone__S)
                  00003c18    00000114     sysbios.aem4f : BIOS.obj (.text:ti_sysbios_utils_Load_updateThreadContexts__E)
                  00003d2c    00000004     multi_main_pem4f.oem4f (.text:ti_sysbios_hal_Timer_TimerProxy_start__E)
                  00003d30    00000110     sysbios.aem4f : BIOS.obj (.text:ti_sysbios_knl_Task_schedule__I)
                  00003e40    0000010c     multi_Cmd.obj (.text:CmdIntFn)
                  00003f4c    0000010c     driverlib.lib : sysctl.obj (.text:SysCtlClockGet)
                  00004058    0000010c     multi_main_pem4f.oem4f (.text:ti_uia_loggers_LoggerStopMode_write8__E)
                  00004164    00000004     multi_main_pem4f.oem4f (.text:ti_sysbios_hal_Timer_TimerProxy_stop__E)
                  00004168    00000104     sysbios.aem4f : BIOS.obj (.text:ti_sysbios_knl_Swi_Module_startup__E)
                  0000426c    00000100     Boot.aem4f : Boot_sysctl.oem4f (.text:ti_catalog_arm_cortexm4_tiva_ce_Boot_sysCtlClockSetI__I)
                  0000436c    00000100     ti.targets.arm.rtsarm.aem4f : Core-mem.oem4f (.text:xdc_runtime_Core_createObject__I)
                  0000446c    000000fc     multi_Motors.obj (.text:motor_Uturn)
                  00004568    000000fc     rtsv7M4_T_le_v4SPD16_eabi.lib : fd_mul_t2.obj (.text)
                  00004664    00000004     multi_main_pem4f.oem4f (.text:ti_sysbios_heaps_HeapMem_Module_GateProxy_enter__E)
                  00004668    000000fc     sysbios.aem4f : BIOS.obj (.text:ti_sysbios_knl_Task_postInit__I)
                  00004764    00000004     multi_main_pem4f.oem4f (.text:ti_sysbios_heaps_HeapMem_Module_GateProxy_leave__E)
                  00004768    000000fc     sysbios.aem4f : BIOS.obj (.text:ti_sysbios_knl_Task_startCore__E)
                  00004864    000000f8     ti.targets.arm.rtsarm.aem4f : Startup.oem4f (.text:xdc_runtime_Startup_startMods__I)
                  0000495c    000000f8     multi_main_pem4f.oem4f (.text:xdc_runtime_System_printfExtend__I)
                  00004a54    000000f4     sysbios.aem4f : m3_Hwi_asm.obj (.text:ti_sysbios_family_arm_m3_Hwi_dispatch__I)
                  00004b48    000000f4     multi_main_pem4f.oem4f (.text:ti_uia_loggers_LoggerStopMode_write4__E)
                  00004c3c    000000f0     drivers_tivaware.aem4f : PWMTiva.oem4f (.text:PWMTiva_setDuty)
                  00004d2c    000000e8     multi_main_pem4f.oem4f (.text:ti_uia_loggers_LoggerStopMode_write2__E)
                  00004e14    000000e4     multi_main_pem4f.oem4f (.text:ti_uia_loggers_LoggerStopMode_write1__E)
                  00004ef8    000000d8     sysbios.aem4f : BIOS.obj (.text:ti_sysbios_family_arm_lm4_TimestampProvider_get32__E)
                  00004fd0    000000d8                   : BIOS.obj (.text:ti_sysbios_knl_Swi_post__E)
                  000050a8    000000d8     multi_main_pem4f.oem4f (.text:ti_uia_loggers_LoggerStopMode_write0__E)
                  00005180    000000cc     sysbios.aem4f : BIOS.obj (.text:ti_sysbios_family_arm_m3_Hwi_Instance_init__E)
                  0000524c    000000cc     ti.targets.arm.rtsarm.aem4f : Core-smem.oem4f (.text:xdc_runtime_Core_constructObject__I)
                  00005318    000000c8     sysbios.aem4f : BIOS.obj (.text:ti_sysbios_knl_Task_exit__E)
                  000053e0    000000c0                   : BIOS.obj (.text:ti_sysbios_family_arm_m3_Hwi_postInit__I)
                  000054a0    000000bc                   : BIOS.obj (.text:ti_sysbios_family_arm_m3_Hwi_excDebugMon__I)
                  0000555c    00000004     multi_main_pem4f.oem4f (.text:ti_sysbios_knl_Clock_TimerProxy_getMaxTicks__E)
                  00005560    000000bc     sysbios.aem4f : BIOS.obj (.text:ti_sysbios_family_arm_m3_Hwi_excHardFault__I)
                  0000561c    00000004     multi_main_pem4f.oem4f (.text:ti_sysbios_knl_Clock_TimerProxy_getPeriod__E)
                  00005620    000000b8     sysbios.aem4f : BIOS.obj (.text:ti_sysbios_knl_Task_unblockI__E)
                  000056d8    000000b4                   : BIOS.obj (.text:ti_sysbios_gates_GateMutex_enter__E)
                  0000578c    00000004     multi_main_pem4f.oem4f (.text:ti_sysbios_knl_Clock_destruct)
                  00005790    000000b4     sysbios.aem4f : BIOS.obj (.text:ti_sysbios_knl_Task_checkStacks__E)
                  00005844    000000b0     multi_Motors.obj (.text:motor_RightTurn)
                  000058f4    00000004     multi_main_pem4f.oem4f (.text:ti_sysbios_knl_Queue_destruct)
                  000058f8    000000b0     sysbios.aem4f : BIOS.obj (.text:ti_sysbios_utils_Load_idleFxn__E)
                  000059a8    000000b0                   : BIOS.obj (.text:ti_sysbios_utils_Load_updateLoads__E)
                  00005a58    000000ac                   : BIOS.obj (.text:ti_sysbios_family_arm_lm4_Timer_enableTiva__I)
                  00005b04    00000004     multi_main_pem4f.oem4f (.text:ti_sysbios_knl_Semaphore_destruct)
                  00005b08    000000a8     sysbios.aem4f : BIOS.obj (.text:ti_sysbios_family_arm_lm4_Timer_enableTimers__I)
                  00005bb0    000000a8                   : BIOS.obj (.text:ti_sysbios_knl_Task_blockI__E)
                  00005c58    000000a8     multi_Comm.obj (.text:writeFrame)
                  00005d00    000000a4     sysbios.aem4f : BIOS.obj (.text:ti_sysbios_knl_Clock_Instance_finalize__E)
                  00005da4    000000a0     multi_Motors.obj (.text:Motor_init)
                  00005e44    000000a0     auto_init.aem4f : auto_init.oem4f (.text)
                  00005ee4    000000a0     drivers_tivaware.aem4f : UARTTiva.oem4f (.text:readTaskBlocking)
                  00005f84    000000a0     ti.targets.arm.rtsarm.aem4f : Text.oem4f (.text:xdc_runtime_Text_putMod__E)
                  00006024    0000009c     rtsv7M4_T_le_v4SPD16_eabi.lib : memcpy_t2.obj (.text)
                  000060c0    0000009c     sysbios.aem4f : BIOS.obj (.text:ti_sysbios_knl_Semaphore_Instance_init__E)
                  0000615c    0000009a     ti.targets.arm.rtsarm.aem4f : Text.oem4f (.text:xdc_runtime_Text_putSite__E)
                  000061f6    00000002     rtsv7M4_T_le_v4SPD16_eabi.lib : i_div0.obj (.text)
                  000061f8    00000098     drivers_tivaware.aem4f : GPIOTiva.oem4f (.text:GPIO_init)
                  00006290    00000098                            : UARTTiva.oem4f (.text:UARTTiva_readPolling)
                  00006328    00000098     Boot.aem4f : Boot.oem4f (.text:ti_catalog_arm_cortexm4_tiva_ce_Boot_sysCtlClockSet__E)
                  000063c0    00000094     drivers_tivaware.aem4f : UARTTiva.oem4f (.text:UARTTiva_write)
                  00006454    00000004     ti.uia.loggers.aem4f : LoggerStopMode.oem4f (.text:ti_uia_loggers_LoggerStopMode_getContents__E)
                  00006458    00000094     sysbios.aem4f : BIOS.obj (.text:ti_sysbios_family_arm_m3_Hwi_initNVIC__E)
                  000064ec    00000090     multi_Comm.obj (.text:hexToStr)
                  0000657c    00000004     multi_main_pem4f.oem4f (.text:ti_uia_loggers_LoggerStopMode_getFilterLevel__E)
                  00006580    00000090     sysbios.aem4f : BIOS.obj (.text:ti_sysbios_knl_Task_Module_startup__E)
                  00006610    00000090     ti.uia.loggers.aem4f : LoggerStopMode.oem4f (.text:ti_uia_loggers_LoggerStopMode_initQueueDescriptor__E)
                  000066a0    0000008c     drivers_tivaware.aem4f : UARTTiva.oem4f (.text:UARTTiva_control)
                  0000672c    0000008c     sysbios.aem4f : m3_TaskSupport_asm.obj (.text:ti_sysbios_family_arm_m3_TaskSupport_buildTaskStack)
                  000067b8    0000008c                   : BIOS.obj (.text:ti_sysbios_utils_Load_updateCurrentThreadTime__E)
                  00006844    0000008a     drivers_tivaware.aem4f : UARTTiva.oem4f (.text:readIsrTextBlocking)
                  000068ce    00000002     multi_main_pem4f.oem4f (.text:ti_sysbios_BIOS_nullFunc__I)
                  000068d0    00000088     drivers_tivaware.aem4f : PWMTiva.oem4f (.text:PWMTiva_control)
                  00006958    00000082                            : UARTTiva.oem4f (.text:readIsrTextCallback)
                  000069da    00000002     multi_main_pem4f.oem4f (.text:ti_uia_loggers_LoggerStopMode_setFilterLevel__E)
                  000069dc    00000080     multi_Drive.obj (.text:pid_reset)
                  00006a5c    0000007a     driverlib.lib : adc.obj (.text:ADCSequenceStepConfigure)
                  00006ad6    0000007a     drivers_tivaware.aem4f : UARTTiva.oem4f (.text:readTaskCallback)
                  00006b50    0000007a     rtsv7M4_T_le_v4SPD16_eabi.lib : memset_t2.obj (.text)
                  00006bca    00000002     ti.uia.loggers.aem4f : LoggerStopMode.oem4f (.text:ti_uia_loggers_LoggerStopMode_setPriority__E)
                  00006bcc    00000074     multi_Drive.obj (.text:ReadFront_IR)
                  00006c40    00000074     multi_Drive.obj (.text:ReadWall_IR)
                  00006cb4    00000074     multi_Drive.obj (.text:setSpeed)
                  00006d28    00000074     sysbios.aem4f : BIOS.obj (.text:ti_sysbios_family_arm_m3_Hwi_Instance_finalize__E)
                  00006d9c    00000004     ti.uia.loggers.aem4f : LoggerStopMode.oem4f (.text:ti_uia_loggers_LoggerStopMode_getInstanceId__E)
                  00006da0    00000074     sysbios.aem4f : BIOS.obj (.text:ti_sysbios_family_arm_m3_Hwi_Module_startup__E)
                  00006e14    00000004     ti.uia.loggers.aem4f : LoggerStopMode.oem4f (.text:ti_uia_loggers_LoggerStopMode_getMaxLength__E)
                  00006e18    00000074     sysbios.aem4f : BIOS.obj (.text:ti_sysbios_knl_Clock_start__E)
                  00006e8c    00000074     ti.uia.runtime.aem4f : QueueDescriptor.oem4f (.text:ti_uia_runtime_QueueDescriptor_addToList__E)
                  00006f00    00000070     multi_Comm.obj (.text:readFrame)
                  00006f70    0000006c     multi_main.obj (.text:Board_initADC)
                  00006fdc    0000006c     multi_Cmd.obj (.text:StopDrivingFn)
                  00007048    0000006c     sysbios.aem4f : BIOS.obj (.text:ti_sysbios_utils_Load_taskCreateHook__E)
                  000070b4    0000006c     drivers_tivaware.aem4f : UARTTiva.oem4f (.text:writeData)
                  00007120    0000006c     ti.targets.arm.rtsarm.aem4f : Error.oem4f (.text:xdc_runtime_Error_print__E)
                  0000718c    0000006c                                 : Memory.oem4f (.text:xdc_runtime_Memory_alloc__E)
                  000071f8    0000006a     drivers_tivaware.aem4f : PWMTiva.oem4f (.text:PWMTiva_close)
                  00007262    0000006a     multi_Comm.obj (.text:intToStr)
                  000072cc    0000006a     rtsv7M4_T_le_v4SPD16_eabi.lib : copy_decompress_rle.obj (.text)
                  00007336    00000002     multi_main_pem4f.oem4f (.text:xdc_runtime_Startup_reset__I)
                  00007338    00000068     rtsv7M4_T_le_v4SPD16_eabi.lib : trgmsg.obj (.text)
                  000073a0    00000068     sysbios.aem4f : BIOS.obj (.text:ti_sysbios_utils_Load_addTask__E)
                  00007408    00000066     ti.uia.loggers.aem4f : LoggerStopMode.oem4f (.text:ti_uia_loggers_LoggerStopMode_flush__E)
                  0000746e    00000066     ti.targets.arm.rtsarm.aem4f : Core-mem.oem4f (.text:xdc_runtime_Core_deleteObject__I)
                  000074d4    00000064     drivers_tivaware.aem4f : GPIOTiva.oem4f (.text:GPIO_hwiIntFxn)
                  00007538    00000064     sysbios.aem4f : BIOS.obj (.text:ti_sysbios_family_arm_lm4_Timer_Module_startup__E)
                  0000759c    00000064     multi_main_pem4f.oem4f (.text:ti_sysbios_family_arm_m3_Hwi_create)
                  00007600    00000064     ti.targets.arm.rtsarm.aem4f : System.oem4f (.text:xdc_runtime_System_formatNum__I)
                  00007664    00000060     multi_Cmd.obj (.text:StartDrivingFn)
                  000076c4    00000060     multi_Comm.obj (.text:hexToInt)
                  00007724    00000004     ti.uia.loggers.aem4f : LoggerStopMode.oem4f (.text:ti_uia_loggers_LoggerStopMode_getPriority__E)
                  00007728    00000060     sysbios.aem4f : BIOS.obj (.text:ti_sysbios_family_arm_lm4_Timer_isrStub__E)
                  00007788    00000060                   : BIOS.obj (.text:ti_sysbios_knl_Clock_logTick__E)
                  000077e8    00000060                   : BIOS.obj (.text:ti_sysbios_utils_Load_logCPULoad__I)
                  00007848    0000005e     drivers_tivaware.aem4f : UARTTiva.oem4f (.text:readIsrBinaryBlocking)
                  000078a6    00000002     --HOLE-- [fill = 0]
                  000078a8    0000005c     sysbios.aem4f : BIOS.obj (.text:ti_sysbios_knl_Swi_restoreHwi__E)
                  00007904    00000004     ti.uia.loggers.aem4f : LoggerStopMode.oem4f (.text:ti_uia_loggers_LoggerStopMode_getTransferType__E)
                  00007908    0000005c     sysbios.aem4f : BIOS.obj (.text:ti_sysbios_knl_Swi_schedule__I)
                  00007964    0000005b     ti.targets.arm.rtsarm.aem4f : Text.oem4f (.text:xdc_runtime_Text_putLab__E)
                  000079bf    00000001     --HOLE-- [fill = 0]
                  000079c0    00000058     boot.aem4f : boot.oem4f (.text)
                  00007a18    00000058     multi_main.obj (.text:main)
                  00007a70    00000058     multi_main_pem4f.oem4f (.text:ti_sysbios_family_arm_m3_Hwi_construct)
                  00007ac8    00000058     sysbios.aem4f : m3_Hwi_asm_switch.obj (.text:ti_sysbios_family_arm_m3_Hwi_initStacks__E)
                  00007b20    00000056     driverlib.lib : gpio.obj (.text:GPIOIntTypeSet)
                  00007b76    00000002     --HOLE-- [fill = 0]
                  00007b78    00000054     EK_TM4C123GXL.obj (.text:EK_TM4C123GXL_initGPIO)
                  00007bcc    00000054     drivers_tivaware.aem4f : UARTTiva.oem4f (.text:readIsrBinaryCallback)
                  00007c20    00000054     multi_main_pem4f.oem4f (.text:ti_sysbios_utils_Load_hwiBeginHook__E)
                  00007c74    00000004     ti.targets.arm.rtsarm.aem4f : Error.oem4f (.text:xdc_runtime_Error_getSite__E)
                  00007c78    00000054     sysbios.aem4f : BIOS.obj (.text:ti_sysbios_utils_Load_taskSwitchHook__E)
                  00007ccc    00000054     ti.targets.arm.rtsarm.aem4f : Assert.oem4f (.text:xdc_runtime_Assert_raise__I)
                  00007d20    00000050     drivers_tivaware.aem4f : GPIOTiva.oem4f (.text:GPIO_setCallback)
                  00007d70    00000050                            : GPIOTiva.oem4f (.text:GPIO_write)
                  00007dc0    00000050     driverlib.lib : sysctl.obj (.text:SysCtlPeripheralReset)
                  00007e10    00000050     drivers_tivaware.aem4f : UARTTiva.oem4f (.text:UARTTiva_writeCancel)
                  00007e60    00000050     multi_Drive.obj (.text:lightReadFn)
                  00007eb0    00000050     multi_Comm.obj (.text:reverse)
                  00007f00    00000050     ti.targets.arm.rtsarm.aem4f : Startup.oem4f (.text:xdc_runtime_Startup_exec__E)
                  00007f50    00000050                                 : Text.oem4f (.text:xdc_runtime_Text_visitRope2__I)
                  00007fa0    0000004c     drivers_tivaware.aem4f : UARTTiva.oem4f (.text:UARTTiva_close)
                  00007fec    0000004c     rtsv7M4_T_le_v4SPD16_eabi.lib : cpy_tbl.obj (.text)
                  00008038    0000004c     sysbios.aem4f : BIOS.obj (.text:ti_sysbios_heaps_HeapMem_getStats__E)
                  00008084    00000004     multi_main_pem4f.oem4f (.text:xdc_runtime_System_Module_GateProxy_enter__E)
                  00008088    0000004c     sysbios.aem4f : BIOS.obj (.text:ti_sysbios_knl_Swi_runLoop__I)
                  000080d4    00000004     multi_main_pem4f.oem4f (.text:xdc_runtime_System_Module_GateProxy_leave__E)
                  000080d8    0000004c     sysbios.aem4f : BIOS.obj (.text:ti_sysbios_knl_Task_allBlockedFunction__I)
                  00008124    0000004c     ti.uia.loggers.aem4f : LoggerStopMode.oem4f (.text:ti_uia_loggers_LoggerStopMode_Module_startup__E)
                  00008170    00000048     driverlib.lib : gpio.obj (.text:GPIOPinConfigure)
                  000081b8    00000048     multi_Cmd.obj (.text:RxCmdFn)
                  00008200    00000048     rtsv7M4_T_le_v4SPD16_eabi.lib : fd_toi_t2.obj (.text)
                  00008248    00000048     sysbios.aem4f : BIOS.obj (.text:ti_sysbios_family_arm_m3_Hwi_disableInterrupt__E)
                  00008290    00000048                   : BIOS.obj (.text:ti_sysbios_family_arm_m3_Hwi_enableInterrupt__E)
                  000082d8    00000048                   : BIOS.obj (.text:ti_sysbios_family_arm_m3_Hwi_excReserved__I)
                  00008320    00000048                   : BIOS.obj (.text:ti_sysbios_utils_Load_taskDeleteHook__E)
                  00008368    00000046     drivers_tivaware.aem4f : RingBuf.oem4f (.text:RingBuf_put)
                  000083ae    00000046     ti.targets.arm.rtsarm.aem4f : Core-params.oem4f (.text:xdc_runtime_Core_assignParams__I)
                  000083f4    00000044     multi_Comm.obj (.text:TxDataFn)
                  00008438    00000044     multi_Cmd.obj (.text:readLightData)
                  0000847c    00000044     rtsv7M4_T_le_v4SPD16_eabi.lib : exit.obj (.text)
                  000084c0    00000044     sysbios.aem4f : BIOS.obj (.text:ti_sysbios_family_arm_lm4_Timer_stop__E)
                  00008504    00000004     ti.targets.arm.rtsarm.aem4f : System.oem4f (.text:xdc_runtime_System_aprintf_va__F)
                  00008508    00000044     sysbios.aem4f : BIOS.obj (.text:ti_sysbios_family_arm_m3_Hwi_getStackInfo__E)
                  0000854c    00000004     ti.targets.arm.rtsarm.aem4f : System.oem4f (.text:xdc_runtime_System_printf_va__F)
                  00008550    00000044     sysbios.aem4f : BIOS.obj (.text:ti_sysbios_utils_Load_removeTask__E)
                  00008594    00000004     --HOLE-- [fill = 0]
                  00008598    00000044                   : BIOS.obj (.text:ti_sysbios_utils_Load_swiBeginHook__E)
                  000085dc    00000044     ti.uia.loggers.aem4f : LoggerStopMode.oem4f (.text:ti_uia_loggers_LoggerStopMode_initBuffer__I)
                  00008620    00000044     ti.targets.arm.rtsarm.aem4f : Error.oem4f (.text:xdc_runtime_Error_setX__E)
                  00008664    00000044                                 : SysMin.oem4f (.text:xdc_runtime_SysMin_flush__E)
                  000086a8    00000044                                 : Text.oem4f (.text:xdc_runtime_Text_xprintf__I)
                  000086ec    00000042     driverlib.lib : uart.obj (.text:UARTConfigSetExpClk)
                  0000872e    00000042     drivers_tivaware.aem4f : UARTTiva.oem4f (.text:UARTTiva_hwiIntFxn)
                  00008770    00000042                            : UARTTiva.oem4f (.text:UARTTiva_writePolling)
                  000087b2    00000002     --HOLE-- [fill = 0]
                  000087b4    00000040     EK_TM4C123GXL.obj (.text:EK_TM4C123GXL_initGeneral)
                  000087f4    00000040     drivers_tivaware.aem4f : RingBuf.oem4f (.text:RingBuf_get)
                  00008834    00000040                            : UARTTiva.oem4f (.text:UARTTiva_read)
                  00008874    00000040     rtsv7M4_T_le_v4SPD16_eabi.lib : u_divt2.obj (.text)
                  000088b4    00000004     --HOLE-- [fill = 0]
                  000088b8    00000040     sysbios.aem4f : BIOS.obj (.text:ti_sysbios_family_arm_lm4_Timer_startup__E)
                  000088f8    0000003e     driverlib.lib : adc.obj (.text:ADCSequenceConfigure)
                  00008936    00000002     --HOLE-- [fill = 0]
                  00008938    0000003c     sysbios.aem4f : BIOS.obj (.text:ti_sysbios_family_arm_m3_Hwi_excSvCall__I)
                  00008974    00000004     --HOLE-- [fill = 0]
                  00008978    0000003c                   : BIOS.obj (.text:ti_sysbios_family_arm_m3_TaskSupport_start__E)
                  000089b4    00000004     --HOLE-- [fill = 0]
                  000089b8    0000003c                   : BIOS.obj (.text:ti_sysbios_heaps_HeapMem_init__I)
                  000089f4    00000004     --HOLE-- [fill = 0]
                  000089f8    0000003c                   : BIOS.obj (.text:ti_sysbios_knl_Swi_startup__E)
                  00008a34    00000004     --HOLE-- [fill = 0]
                  00008a38    0000003c                   : BIOS.obj (.text:ti_sysbios_utils_Load_hwiEndHook__E)
                  00008a74    00000038     drivers_tivaware.aem4f : PWM.oem4f (.text:PWM_init)
                  00008aac    00000038     multi_Cmd.obj (.text:StartAcquireData)
                  00008ae4    00000038     drivers_tivaware.aem4f : UART.oem4f (.text:UART_init)
                  00008b1c    00000038     multi_Motors.obj (.text:adjustMotors)
                  00008b54    00000004     --HOLE-- [fill = 0]
                  00008b58    00000038     sysbios.aem4f : BIOS.obj (.text:ti_sysbios_family_arm_m3_Hwi_excNoIsr__I)
                  00008b90    00000038                   : BIOS.obj (.text:ti_sysbios_knl_Task_processVitalTaskFlag__I)
                  00008bc8    00000038     ti.targets.arm.rtsarm.aem4f : SysMin.oem4f (.text:xdc_runtime_SysMin_putch__E)
                  00008c00    00000038                                 : System.oem4f (.text:xdc_runtime_System_atexit__E)
                  00008c38    00000036     drivers_tivaware.aem4f : UARTTiva.oem4f (.text:UARTTiva_readCancel)
                  00008c6e    00000036     multi_Comm.obj (.text:generateLRC)
                  00008ca4    00000034     EK_TM4C123GXL.obj (.text:EK_TM4C123GXL_initPWM)
                  00008cd8    00000034     driverlib.lib : sysctl.obj (.text:SysCtlPeripheralEnable)
                  00008d0c    00000034     multi_Comm.obj (.text:TxResponseFn)
                  00008d40    00000034     multi_Motors.obj (.text:motor_setForward)
                  00008d74    00000034     multi_Motors.obj (.text:motor_setReverse)
                  00008da8    00000034     sysbios.aem4f : BIOS.obj (.text:ti_sysbios_family_arm_m3_Hwi_excNmi__I)
                  00008ddc    00000004     --HOLE-- [fill = 0]
                  00008de0    00000034                   : BIOS.obj (.text:ti_sysbios_hal_Hwi_checkStack)
                  00008e14    00000034     multi_main_pem4f.oem4f (.text:ti_sysbios_knl_Clock_construct)
                  00008e48    00000034     sysbios.aem4f : BIOS.obj (.text:ti_sysbios_utils_Load_swiEndHook__E)
                  00008e7c    00000034     ti.uia.loggers.aem4f : LoggerStopMode.oem4f (.text:ti_uia_loggers_LoggerStopMode_reset__E)
                  00008eb0    00000034     ti.targets.arm.rtsarm.aem4f : Core-label.oem4f (.text:xdc_runtime_Core_assignLabel__I)
                  00008ee4    00000033                                 : Text.oem4f (.text:xdc_runtime_Text_printVisFxn__I)
                  00008f17    00000001     --HOLE-- [fill = 0]
                  00008f18    00000032     sysbios.aem4f : BIOS.obj (.text:ti_sysbios_hal_Hwi_initStack)
                  00008f4a    00000006     driverlib.lib : gpio.obj (.text:GPIOPinRead)
                  00008f50    00000032     sysbios.aem4f : BIOS.obj (.text:ti_sysbios_knl_Semaphore_pendTimeout__I)
                  00008f82    00000002     --HOLE-- [fill = 0]
                  00008f84    00000030     drivers_tivaware.aem4f : PWMTiva.oem4f (.text:PWMTiva_init)
                  00008fb4    00000030     multi_Cmd.obj (.text:StopAcquireData)
                  00008fe4    00000030     multi_Comm.obj (.text:hwi_readChar_ISR)
                  00009014    00000030     rtsv7M4_T_le_v4SPD16_eabi.lib : strncpy.obj (.text)
                  00009044    00000030     multi_main_pem4f.oem4f (.text:ti_sysbios_BIOS_atExitFunc__I)
                  00009074    00000030     multi_main_pem4f.oem4f (.text:ti_sysbios_gates_GateHwi_Object__create__S)
                  000090a4    00000030     multi_main_pem4f.oem4f (.text:ti_sysbios_gates_GateMutex_Object__create__S)
                  000090d4    00000030     multi_main_pem4f.oem4f (.text:ti_sysbios_heaps_HeapMem_Object__create__S)
                  00009104    00000030     multi_main_pem4f.oem4f (.text:ti_sysbios_knl_Semaphore_construct)
                  00009134    00000030     multi_main_pem4f.oem4f (.text:ti_uia_loggers_LoggerStopMode_Object__create__S)
                  00009164    00000030     ti.targets.arm.rtsarm.aem4f : SysMin.oem4f (.text:xdc_runtime_SysMin_abort__E)
                  00009194    00000030                                 : System.oem4f (.text:xdc_runtime_System_processAtExit__E)
                  000091c4    0000002e     rtsv7M4_T_le_v4SPD16_eabi.lib : i_tofd_t2.obj (.text)
                  000091f2    00000002     --HOLE-- [fill = 0]
                  000091f4    0000002c     multi_main_pem4f.oem4f (.text:ti_sysbios_knl_Clock_doTick__I)
                  00009220    0000002c     multi_main_pem4f.oem4f (.text:ti_sysbios_knl_Queue_construct)
                  0000924c    00000004     --HOLE-- [fill = 0]
                  00009250    0000002c     sysbios.aem4f : BIOS.obj (.text:ti_sysbios_knl_Task_restore__E)
                  0000927c    0000002c     ti.targets.arm.rtsarm.aem4f : Text.oem4f (.text:xdc_runtime_Text_cordText__E)
                  000092a8    0000002a     driverlib.lib : gpio.obj (.text:GPIODirModeSet)
                  000092d2    0000002a     ti.targets.arm.rtsarm.aem4f : System.oem4f (.text:xdc_runtime_System_putchar__I)
                  000092fc    00000028     multi_Cmd.obj (.text:InvalidFn)
                  00009324    00000028     multi_Drive.obj (.text:lightSetInputFn)
                  0000934c    00000026     sysbios.aem4f : m3_Hwi_asm.obj (.text:ti_sysbios_family_arm_m3_Hwi_pendSV__I)
                  00009372    00000026     ti.targets.arm.rtsarm.aem4f : System.oem4f (.text:xdc_runtime_System_avprintf__E)
                  00009398    00000024     multi_Cmd.obj (.text:getCmdFn)
                  000093bc    00000024     multi_main_pem4f.oem4f (.text:ti_sysbios_BIOS_errorRaiseHook__I)
                  000093e0    00000024     multi_main_pem4f.oem4f (.text:ti_sysbios_BIOS_registerRTSLock__I)
                  00009404    00000024     multi_main_pem4f.oem4f (.text:ti_sysbios_BIOS_removeRTSLock__I)
                  00009428    00000024     multi_main_pem4f.oem4f (.text:ti_sysbios_BIOS_startFunc__I)
                  0000944c    00000004     --HOLE-- [fill = 0]
                  00009450    00000024     sysbios.aem4f : BIOS.obj (.text:ti_sysbios_family_arm_m3_Hwi_doTaskRestore__I)
                  00009474    00000024     multi_main_pem4f.oem4f (.text:ti_sysbios_gates_GateMutex_Object__delete__S)
                  00009498    00000024     sysbios.aem4f : BIOS.obj (.text:ti_sysbios_knl_Clock_Module_startup__E)
                  000094bc    00000024     ti.targets.arm.rtsarm.aem4f : System.oem4f (.text:xdc_runtime_System_vprintf__E)
                  000094e0    00000022     driverlib.lib : pwm.obj (.text:PWMGenConfigure)
                  00009502    00000022     drivers_tivaware.aem4f : PWMTiva.oem4f (.text:PWMTiva_getPeriodCounts)
                  00009524    00000004     --HOLE-- [fill = 0]
                  00009528    00000022     sysbios.aem4f : BIOS.obj (.text:ti_sysbios_family_arm_lm4_Timer_write__I)
                  0000954a    00000022     multi_main_pem4f.oem4f (.text:xdc_runtime_SysMin_output__I)
                  0000956c    00000020     multi_Cmd.obj (.text:ReadIRFn)
                  0000958c    00000020     multi_main_pem4f.oem4f (.text:ti_sysbios_BIOS_rtsLock__I)
                  000095ac    00000020     sysbios.aem4f : m3_Hwi_asm.obj (.text:ti_sysbios_family_arm_m3_Hwi_excHandlerAsm__I)
                  000095cc    00000004     --HOLE-- [fill = 0]
                  000095d0    00000020                   : BIOS.obj (.text:ti_sysbios_family_arm_m3_Hwi_excHandler__I)
                  000095f0    00000020     multi_main_pem4f.oem4f (.text:ti_sysbios_gates_GateHwi_Object__delete__S)
                  00009610    00000020     multi_main_pem4f.oem4f (.text:ti_sysbios_heaps_HeapMem_Object__delete__S)
                  00009630    00000020     multi_main_pem4f.oem4f (.text:ti_sysbios_knl_Clock_Object__destruct__S)
                  00009650    00000020     sysbios.aem4f : BIOS.obj (.text:ti_sysbios_knl_Idle_run__E)
                  00009670    00000020     multi_main_pem4f.oem4f (.text:ti_sysbios_knl_Semaphore_Object__destruct__S)
                  00009690    00000020     multi_main_pem4f.oem4f (.text:ti_uia_loggers_LoggerStopMode_Object__delete__S)
                  000096b0    00000020     ti.targets.arm.rtsarm.aem4f : Registry.oem4f (.text:xdc_runtime_Registry_findById__E)
                  000096d0    00000020                                 : SysMin.oem4f (.text:xdc_runtime_SysMin_Module_startup__E)
                  000096f0    0000001e     driverlib.lib : adc.obj (.text:ADCSequenceDataGet)
                  0000970e    0000001e                   : pwm.obj (.text:PWMPulseWidthGet)
                  0000972c    0000001e                   : pwm.obj (.text:PWMPulseWidthSet)
                  0000974a    0000001e     drivers_tivaware.aem4f : PWMTiva.oem4f (.text:PWMTiva_getPeriodMicroSecs)
                  00009768    0000001e     rtsv7M4_T_le_v4SPD16_eabi.lib : strcat.obj (.text)
                  00009786    0000001e     sysbios.aem4f : m3_Hwi_asm_switch.obj (.text:ti_sysbios_family_xxx_Hwi_switchAndRunFunc)
                  000097a4    0000001c     multi_Drive.obj (.text:ReadLightFn)
                  000097c0    0000001c     driverlib.lib : uart.obj (.text:UARTDisable)
                  000097dc    0000001c     drivers_tivaware.aem4f : GPIOTiva.oem4f (.text:getGpioIntIndex)
                  000097f8    0000001c     multi_main_pem4f.oem4f (.text:ti_sysbios_family_arm_m3_Hwi_Object__destruct__S)
                  00009814    00000004     --HOLE-- [fill = 0]
                  00009818    0000001c     sysbios.aem4f : BIOS.obj (.text:ti_sysbios_gates_GateMutex_Instance_init__E)
                  00009834    0000001c     multi_main_pem4f.oem4f (.text:ti_sysbios_knl_Queue_Object__destruct__S)
                  00009850    0000001c     sysbios.aem4f : BIOS.obj (.text:ti_sysbios_knl_Task_enter__I)
                  0000986c    0000001c     ti.uia.loggers.aem4f : LoggerStopMode.oem4f (.text:ti_uia_loggers_LoggerStopMode_Instance_init__E)
                  00009888    0000001c     ti.targets.arm.rtsarm.aem4f : Error.oem4f (.text:xdc_runtime_Error_raiseX__E)
                  000098a4    0000001c                                 : Memory.oem4f (.text:xdc_runtime_Memory_valloc__E)
                  000098c0    0000001c                                 : SysMin.oem4f (.text:xdc_runtime_SysMin_exit__E)
                  000098dc    0000001c                                 : System.oem4f (.text:xdc_runtime_System_abort__E)
                  000098f8    0000001a     multi_main_pem4f.oem4f (.text:ti_sysbios_family_arm_m3_Hwi_Handle__label__S)
                  00009912    0000001a     multi_main_pem4f.oem4f (.text:ti_sysbios_gates_GateHwi_Handle__label__S)
                  0000992c    0000001a     multi_main_pem4f.oem4f (.text:ti_sysbios_gates_GateMutex_Handle__label__S)
                  00009946    0000001a     multi_main_pem4f.oem4f (.text:ti_sysbios_heaps_HeapMem_Handle__label__S)
                  00009960    0000001a     multi_main_pem4f.oem4f (.text:ti_sysbios_knl_Swi_Handle__label__S)
                  0000997a    0000001a     multi_main_pem4f.oem4f (.text:ti_sysbios_knl_Task_Handle__label__S)
                  00009994    00000004     --HOLE-- [fill = 0]
                  00009998    0000001a     sysbios.aem4f : BIOS.obj (.text:ti_sysbios_knl_Task_sleepTimeout__I)
                  000099b2    0000001a     multi_main_pem4f.oem4f (.text:ti_uia_loggers_LoggerStopMode_Handle__label__S)
                  000099cc    0000001a     multi_main_pem4f.oem4f (.text:xdc_runtime_System_aprintf__E)
                  000099e6    0000001a     multi_main_pem4f.oem4f (.text:xdc_runtime_System_printf__E)
                  00009a00    00000018     driverlib.lib : adc.obj (.text:ADCProcessorTrigger)
                  00009a18    00000018                   : gpio.obj (.text:GPIOPinTypeGPIOOutput)
                  00009a30    00000018     rtsv7M4_T_le_v4SPD16_eabi.lib : args_main.obj (.text)
                  00009a48    00000018                                   : strcmp.obj (.text)
                  00009a60    00000018     multi_main_pem4f.oem4f (.text:ti_sysbios_BIOS_rtsUnlock__I)
                  00009a78    00000018     multi_main_pem4f.oem4f (.text:ti_sysbios_family_arm_lm4_Timer_Module__startupDone__F)
                  00009a90    00000018     multi_main_pem4f.oem4f (.text:ti_sysbios_family_arm_m3_Hwi_Module__startupDone__F)
                  00009aa8    00000018     sysbios.aem4f : m3_TaskSupport_asm.obj (.text:ti_sysbios_family_arm_m3_TaskSupport_swap__E)
                  00009ac0    00000018                   : BIOS.obj (.text:ti_sysbios_gates_GateMutex_leave__E)
                  00009ad8    00000018     ti.targets.arm.rtsarm.aem4f : Error.oem4f (.text:xdc_runtime_Error_check__E)
                  00009af0    00000018                                 : System.oem4f (.text:xdc_runtime_System_exit__E)
                  00009b08    00000018                                 : Text.oem4f (.text:xdc_runtime_Text_ropeText__E)
                  00009b20    00000016     multi_main_pem4f.oem4f (.text:ti_sysbios_BIOS_exitFunc__I)
                  00009b36    00000016     ti.uia.loggers.aem4f : LoggerStopMode.oem4f (.text:ti_uia_loggers_LoggerStopMode_disable__E)
                  00009b4c    00000016                          : LoggerStopMode.oem4f (.text:ti_uia_loggers_LoggerStopMode_enable__E)
                  00009b62    00000002     --HOLE-- [fill = 0]
                  00009b64    00000014     driverlib.lib : pwm.obj (.text:PWMClockSet)
                  00009b78    00000014                   : sysctl.obj (.text:SysCtlPWMClockSet)
                  00009b8c    00000014                   : uart.obj (.text:UARTEnable)
                  00009ba0    00000014     rtsv7M4_T_le_v4SPD16_eabi.lib : _lock.obj (.text)
                  00009bb4    00000014                                   : strcpy.obj (.text)
                  00009bc8    00000014                                   : strlen.obj (.text)
                  00009bdc    00000014     multi_main_pem4f.oem4f (.text:ti_sysbios_family_arm_m3_Hwi_Object__get__S)
                  00009bf0    00000014     sysbios.aem4f : BIOS.obj (.text:ti_sysbios_family_arm_m3_Hwi_switchFromBootStack__E)
                  00009c04    00000014     multi_main_pem4f.oem4f (.text:ti_sysbios_heaps_HeapMem_Object__get__S)
                  00009c18    00000014     multi_main_pem4f.oem4f (.text:ti_sysbios_knl_Swi_Object__get__S)
                  00009c2c    00000014     multi_main_pem4f.oem4f (.text:ti_sysbios_knl_Task_Object__get__S)
                  00009c40    00000012     driverlib.lib : gpio.obj (.text:GPIOPinTypeADC)
                  00009c52    00000012                   : gpio.obj (.text:GPIOPinTypeGPIOInput)
                  00009c64    00000012                   : gpio.obj (.text:GPIOPinTypePWM)
                  00009c76    00000012                   : gpio.obj (.text:GPIOPinTypeUART)
                  00009c88    00000012                   : pwm.obj (.text:PWMGenPeriodGet)
                  00009c9a    00000012                   : pwm.obj (.text:PWMOutputInvert)
                  00009cac    00000012                   : pwm.obj (.text:PWMOutputState)
                  00009cbe    00000012     drivers_tivaware.aem4f : RingBuf.oem4f (.text:RingBuf_construct)
                  00009cd0    00000012     sysbios.aem4f : BIOS.obj (.text:ti_sysbios_hal_Hwi_Module_startup__E)
                  00009ce2    00000006     driverlib.lib : gpio.obj (.text:GPIOPinWrite)
                  00009ce8    00000012     sysbios.aem4f : BIOS.obj (.text:ti_sysbios_hal_Timer_Module_startup__E)
                  00009cfa    00000012     multi_main_pem4f.oem4f (.text:xdc_runtime_Startup_exec__I)
                  00009d0c    00000010     multi_Drive.obj (.text:DataClockFn)
                  00009d1c    00000010     multi_Drive.obj (.text:DriveClockFn)
                  00009d2c    00000010     driverlib.lib : pwm.obj (.text:PWMGenPeriodSet)
                  00009d3c    00000010     multi_Motors.obj (.text:Rturn_timerFn)
                  00009d4c    00000010     multi_Motors.obj (.text:Uturn_timerFn)
                  00009d5c    00000010     drivers_tivaware.aem4f : UARTTiva.oem4f (.text:readBlockingTimeout)
                  00009d6c    00000004     --HOLE-- [fill = 0]
                  00009d70    00000010     sysbios.aem4f : BIOS.obj (.text:ti_sysbios_BIOS_getCpuFreq__E)
                  00009d80    00000010                   : BIOS.obj (.text:ti_sysbios_BIOS_setThreadType__E)
                  00009d90    00000010                   : BIOS.obj (.text:ti_sysbios_BIOS_start__E)
                  00009da0    00000010                   : BIOS.obj (.text:ti_sysbios_family_arm_lm4_TimestampProvider_rolloverFunc__E)
                  00009db0    00000010                   : m3_TaskSupport_asm.obj (.text:ti_sysbios_family_arm_m3_TaskSupport_glue)
                  00009dc0    00000010                   : BIOS.obj (.text:ti_sysbios_gates_GateMutex_Instance_finalize__E)
                  00009dd0    00000010                   : BIOS.obj (.text:ti_sysbios_knl_Semaphore_Instance_finalize__E)
                  00009de0    00000010                   : BIOS.obj (.text:ti_sysbios_knl_Swi_disable__E)
                  00009df0    00000010                   : BIOS.obj (.text:ti_sysbios_knl_Task_disable__E)
                  00009e00    00000010     multi_main_pem4f.oem4f (.text:ti_uia_loggers_LoggerStopMode_Object__get__S)
                  00009e10    00000010     ti.uia.loggers.aem4f : LoggerStopMode.oem4f (.text:ti_uia_loggers_LoggerStopMode_isEmpty__E)
                  00009e20    00000010     ti.targets.arm.rtsarm.aem4f : Gate.oem4f (.text:xdc_runtime_Gate_leaveSystem__E)
                  00009e30    00000010                                 : Memory.oem4f (.text:xdc_runtime_Memory_free__E)
                  00009e40    00000010                                 : SysMin.oem4f (.text:xdc_runtime_SysMin_ready__E)
                  00009e50    00000010                                 : System.oem4f (.text:xdc_runtime_System_vsnprintf__E)
                  00009e60    00000010     multi_main_pem4f.oem4f (.text:xdc_runtime_Text_visitRope__I)
                  00009e70    0000000e     driverlib.lib : adc.obj (.text:ADCSequenceDisable)
                  00009e7e    0000000e                   : adc.obj (.text:ADCSequenceEnable)
                  00009e8c    0000000e                   : gpio.obj (.text:GPIOIntStatus)
                  00009e9a    0000000e                   : uart.obj (.text:UARTCharGetNonBlocking)
                  00009ea8    0000000e                   : uart.obj (.text:UARTCharPutNonBlocking)
                  00009eb6    0000000e     rtsv7M4_T_le_v4SPD16_eabi.lib : copy_decompress_none.obj (.text:decompress:none)
                  00009ec4    00000004     --HOLE-- [fill = 0]
                  00009ec8    0000000e     sysbios.aem4f : BIOS.obj (.text:ti_sysbios_knl_Idle_loop__E)
                  00009ed6    00000002     --HOLE-- [fill = 0]
                  00009ed8    0000000e                   : BIOS.obj (.text:ti_sysbios_knl_Queue_empty__E)
                  00009ee6    00000002     --HOLE-- [fill = 0]
                  00009ee8    0000000c     multi_main_pem4f.oem4f (.text:.bootCodeSection:ti_catalog_arm_cortexm4_tiva_ce_Boot_init__I)
                  00009ef4    0000000c     driverlib.lib : pwm.obj (.text:PWMGenDisable)
                  00009f00    0000000c                   : pwm.obj (.text:PWMGenEnable)
                  00009f0c    0000000c     drivers_tivaware.aem4f : RingBuf.oem4f (.text:RingBuf_peek)
                  00009f18    0000000c     driverlib.lib : uart.obj (.text:UARTFlowControlSet)
                  00009f24    0000000c     drivers_tivaware.aem4f : UARTTiva.oem4f (.text:UARTTiva_init)
                  00009f30    0000000c     rtsv7M4_T_le_v4SPD16_eabi.lib : copy_zero_init.obj (.text:decompress:ZI)
                  00009f3c    00000004     --HOLE-- [fill = 0]
                  00009f40    0000000c     sysbios.aem4f : BIOS.obj (.text:ti_sysbios_family_arm_lm4_Timer_getMaxTicks__E)
                  00009f4c    00000004     --HOLE-- [fill = 0]
                  00009f50    0000000c                   : BIOS.obj (.text:ti_sysbios_family_arm_lm4_TimestampProvider_startTimer__E)
                  00009f5c    0000000c     multi_main_pem4f.oem4f (.text:ti_sysbios_family_arm_m3_Hwi_Params__init__S)
                  00009f68    0000000c     sysbios.aem4f : BIOS.obj (.text:ti_sysbios_family_arm_m3_Hwi_disableFxn__E)
                  00009f74    00000004     --HOLE-- [fill = 0]
                  00009f78    0000000c                   : BIOS.obj (.text:ti_sysbios_family_arm_m3_Hwi_enableFxn__E)
                  00009f84    00000004     --HOLE-- [fill = 0]
                  00009f88    0000000c                   : BIOS.obj (.text:ti_sysbios_family_arm_m3_TaskSupport_checkStack__E)
                  00009f94    00000004     --HOLE-- [fill = 0]
                  00009f98    0000000c                   : BIOS.obj (.text:ti_sysbios_gates_GateHwi_enter__E)
                  00009fa4    0000000c     multi_main_pem4f.oem4f (.text:ti_sysbios_knl_Clock_Params__init__S)
                  00009fb0    0000000c     multi_main_pem4f.oem4f (.text:ti_sysbios_knl_Queue_Object__get__S)
                  00009fbc    0000000c     multi_main_pem4f.oem4f (.text:ti_sysbios_knl_Semaphore_Params__init__S)
                  00009fc8    0000000c     sysbios.aem4f : BIOS.obj (.text:ti_sysbios_utils_Load_taskRegHook__E)
                  00009fd4    0000000c     ti.targets.arm.rtsarm.aem4f : Error.oem4f (.text:xdc_runtime_Error_init__E)
                  00009fe0    0000000c                                 : Gate.oem4f (.text:xdc_runtime_Gate_enterSystem__E)
                  00009fec    0000000c                                 : Memory.oem4f (.text:xdc_runtime_Memory_calloc__E)
                  00009ff8    0000000c                                 : Memory.oem4f (.text:xdc_runtime_Memory_getMaxDefaultTypeAlign__E)
                  0000a004    0000000a     driverlib.lib : uart.obj (.text:UARTCharGet)
                  0000a00e    0000000a                   : uart.obj (.text:UARTCharPut)
                  0000a018    0000000a                   : uart.obj (.text:UARTIntDisable)
                  0000a022    0000000a                   : uart.obj (.text:UARTIntStatus)
                  0000a02c    0000000a     multi_main_pem4f.oem4f (.text:xdc_runtime_IHeap_alloc)
                  0000a036    0000000a     multi_main_pem4f.oem4f (.text:xdc_runtime_IHeap_free)
                  0000a040    00000008     driverlib.lib : uart.obj (.text:UARTIntEnable)
                  0000a048    00000008                   : uart.obj (.text:UARTRxErrorGet)
                  0000a050    00000008     drivers_tivaware.aem4f : UARTTiva.oem4f (.text:readSemCallback)
                  0000a058    00000008     sysbios.aem4f : BIOS.obj (.text:ti_sysbios_family_arm_lm4_Timer_masterDisable__I)
                  0000a060    00000008                   : BIOS.obj (.text:ti_sysbios_family_arm_m3_Hwi_doSwiRestore__I)
                  0000a068    00000008                   : BIOS.obj (.text:ti_sysbios_family_arm_m3_Hwi_startup__E)
                  0000a070    00000008                   : BIOS.obj (.text:ti_sysbios_knl_Task_getHookContext__E)
                  0000a078    00000008     drivers_tivaware.aem4f : UARTTiva.oem4f (.text:writeSemCallback)
                  0000a080    00000006     driverlib.lib : uart.obj (.text:UARTFIFOLevelSet)
                  0000a086    00000006                   : uart.obj (.text:UARTRxErrorClear)
                  0000a08c    00000006     ti.targets.arm.rtsarm.aem4f : xdc_noinit.oem4f (.text:__xdc__init)
                  0000a092    00000006     rtsv7M4_T_le_v4SPD16_eabi.lib : copy_decompress_rle.obj (.text:decompress:rle24)
                  0000a098    00000006     Boot.aem4f : Boot_sysctl.oem4f (.text:ti_catalog_arm_cortexm4_tiva_ce_Boot_sysCtlDelayI__I)
                  0000a09e    00000002     --HOLE-- [fill = 0]
                  0000a0a0    00000006     sysbios.aem4f : BIOS.obj (.text:ti_sysbios_family_arm_lm4_TimestampProvider_Module_startup__E)
                  0000a0a6    00000002     --HOLE-- [fill = 0]
                  0000a0a8    00000006                   : BIOS.obj (.text:ti_sysbios_family_arm_m3_Hwi_restoreFxn__E)
                  0000a0ae    00000002     --HOLE-- [fill = 0]
                  0000a0b0    00000006                   : BIOS.obj (.text:ti_sysbios_gates_GateHwi_leave__E)
                  0000a0b6    00000002     --HOLE-- [fill = 0]
                  0000a0b8    00000006                   : BIOS.obj (.text:ti_sysbios_hal_Timer_start__E)
                  0000a0be    00000002     --HOLE-- [fill = 0]
                  0000a0c0    00000006                   : BIOS.obj (.text:ti_sysbios_hal_Timer_stop__E)
                  0000a0c6    00000002     --HOLE-- [fill = 0]
                  0000a0c8    00000006                   : BIOS.obj (.text:ti_sysbios_heaps_HeapMem_isBlocking__E)
                  0000a0ce    00000002     --HOLE-- [fill = 0]
                  0000a0d0    00000006                   : BIOS.obj (.text:ti_sysbios_knl_Clock_stop__E)
                  0000a0d6    00000002     --HOLE-- [fill = 0]
                  0000a0d8    00000006                   : BIOS.obj (.text:ti_sysbios_knl_Queue_Instance_init__E)
                  0000a0de    00000006     ti.targets.arm.rtsarm.aem4f : System.oem4f (.text:xdc_runtime_System_Module_startup__E)
                  0000a0e4    00000004     --HOLE-- [fill = 0]
                  0000a0e8    00000004     sysbios.aem4f : BIOS.obj (.text:ti_sysbios_family_arm_lm4_Timer_getPeriod__E)
                  0000a0ec    00000004     --HOLE-- [fill = 0]
                  0000a0f0    00000004                   : BIOS.obj (.text:ti_sysbios_gates_GateHwi_query__E)
                  0000a0f4    00000004     --HOLE-- [fill = 0]
                  0000a0f8    00000004                   : BIOS.obj (.text:ti_sysbios_gates_GateMutex_query__E)
                  0000a0fc    00000004     --HOLE-- [fill = 0]
                  0000a100    00000004                   : BIOS.obj (.text:ti_sysbios_knl_Clock_isActive__E)
                  0000a104    00000004     --HOLE-- [fill = 0]
                  0000a108    00000004                   : BIOS.obj (.text:ti_sysbios_knl_Task_startup__E)
                  0000a10c    00000004     --HOLE-- [fill = 0]
                  0000a110    00000002                   : BIOS.obj (.text:ti_sysbios_gates_GateHwi_Instance_init__E)

.const     0    0000a114    00002b7e     
                  0000a114    00002040     multi_main_pem4f.oem4f (.const:xdc_runtime_Text_charTab__A)
                  0000c154    00000104     multi_main_pem4f.oem4f (.const:xdc_runtime_Text_nodeTab__A)
                  0000c258    00000090     driverlib.lib : gpio.obj (.const:g_pui32GPIOBaseAddrs)
                  0000c2e8    0000006c                   : sysctl.obj (.const:g_pui32Xtals)
                  0000c354    00000068     multi_main_pem4f.oem4f (.const)
                  0000c3bc    00000060     multi_main_pem4f.oem4f (.const:ti_uia_loggers_LoggerStopMode_Module__FXNS__C)
                  0000c41c    00000054     drivers_tivaware.aem4f : GPIOTiva.oem4f (.const:.string)
                  0000c470    0000004c                            : UARTTiva.oem4f (.const)
                  0000c4bc    00000048     multi_main_pem4f.oem4f (.const:.string)
                  0000c504    00000048     drivers_tivaware.aem4f : GPIOTiva.oem4f (.const:gpioBaseAddresses)
                  0000c54c    00000030     multi_main_pem4f.oem4f (.const:ti_sysbios_family_arm_m3_Hwi_Object__PARAMS__C)
                  0000c57c    0000002c     multi_main_pem4f.oem4f (.const:xdc_runtime_Startup_sfxnTab__A)
                  0000c5a8    00000028     drivers_tivaware.aem4f : UARTTiva.oem4f (.const:UARTTiva_fxnTable)
                  0000c5d0    00000028     multi_main_pem4f.oem4f (.const:ti_sysbios_heaps_HeapMem_Module__FXNS__C)
                  0000c5f8    00000028     multi_main_pem4f.oem4f (.const:ti_uia_loggers_LoggerStopMode_Object__PARAMS__C)
                  0000c620    00000024     EK_TM4C123GXL.obj (.const:PWM_config)
                  0000c644    00000024     drivers_tivaware.aem4f : UART.oem4f (.const:UART_defaultParams)
                  0000c668    00000024     multi_main_pem4f.oem4f (.const:ti_sysbios_gates_GateHwi_Module__FXNS__C)
                  0000c68c    00000024     multi_main_pem4f.oem4f (.const:ti_sysbios_gates_GateMutex_Module__FXNS__C)
                  0000c6b0    00000024     multi_main_pem4f.oem4f (.const:ti_sysbios_heaps_HeapMem_Object__PARAMS__C)
                  0000c6d4    00000024     multi_main_pem4f.oem4f (.const:ti_sysbios_knl_Clock_Object__PARAMS__C)
                  0000c6f8    00000024     multi_main_pem4f.oem4f (.const:ti_sysbios_knl_Semaphore_Object__PARAMS__C)
                  0000c71c    00000020     drivers_tivaware.aem4f : PWMTiva.oem4f (.const)
                  0000c73c    00000020     multi_main_pem4f.oem4f (.const:ti_sysbios_family_arm_m3_Hwi_Object__DESC__C)
                  0000c75c    00000020     multi_main_pem4f.oem4f (.const:ti_sysbios_gates_GateHwi_Object__DESC__C)
                  0000c77c    00000020     multi_main_pem4f.oem4f (.const:ti_sysbios_gates_GateMutex_Object__DESC__C)
                  0000c79c    00000020     multi_main_pem4f.oem4f (.const:ti_sysbios_heaps_HeapMem_Object__DESC__C)
                  0000c7bc    00000020     multi_main_pem4f.oem4f (.const:ti_sysbios_knl_Clock_Object__DESC__C)
                  0000c7dc    00000020     multi_main_pem4f.oem4f (.const:ti_sysbios_knl_Queue_Object__DESC__C)
                  0000c7fc    00000020     multi_main_pem4f.oem4f (.const:ti_sysbios_knl_Semaphore_Object__DESC__C)
                  0000c81c    00000020     multi_main_pem4f.oem4f (.const:ti_uia_loggers_LoggerStopMode_Object__DESC__C)
                  0000c83c    00000018     EK_TM4C123GXL.obj (.const:UART_config)
                  0000c854    00000018     multi_Drive.obj (.const)
                  0000c86c    00000018     EK_TM4C123GXL.obj (.const:pwmTivaHWAttrs)
                  0000c884    00000018     multi_main_pem4f.oem4f (.const:ti_sysbios_gates_GateHwi_Object__PARAMS__C)
                  0000c89c    00000018     multi_main_pem4f.oem4f (.const:ti_sysbios_gates_GateMutex_Object__PARAMS__C)
                  0000c8b4    00000018     multi_main_pem4f.oem4f (.const:ti_sysbios_knl_Queue_Object__PARAMS__C)
                  0000c8cc    00000018     multi_main_pem4f.oem4f (.const:ti_sysbios_knl_Swi_hooks__A)
                  0000c8e4    00000018     multi_main_pem4f.oem4f (.const:ti_sysbios_knl_Task_hooks__A)
                  0000c8fc    00000018     EK_TM4C123GXL.obj (.const:uartTivaHWAttrs)
                  0000c914    00000016     multi_main_pem4f.oem4f (.const:xdc_runtime_Startup_sfxnRts__A)
                  0000c92a    00000002     multi_main_pem4f.oem4f (.const:ti_catalog_arm_cortexm4_tiva_ce_Boot_Module__id__C)
                  0000c92c    00000014     EK_TM4C123GXL.obj (.const:GPIOTiva_config)
                  0000c940    00000014     multi_main_pem4f.oem4f (.const:ti_sysbios_family_arm_m3_Hwi_hooks__A)
                  0000c954    00000014     multi_main_pem4f.oem4f (.const:xdc_runtime_Startup_firstFxns__A)
                  0000c968    00000011     ti.targets.arm.rtsarm.aem4f : System.oem4f (.const:.string)
                  0000c979    00000001     multi_main_pem4f.oem4f (.const:xdc_runtime_Error_policy__C)
                  0000c97a    00000002     multi_main_pem4f.oem4f (.const:ti_sysbios_family_arm_lm4_TimestampProvider_useClockTimer__C)
                  0000c97c    0000000c     drivers_tivaware.aem4f : PWM.oem4f (.const)
                  0000c988    00000008     multi_main_pem4f.oem4f (.const:ti_sysbios_family_arm_m3_Hwi_excHookFuncs__A)
                  0000c990    00000008     multi_main_pem4f.oem4f (.const:ti_sysbios_family_arm_m3_Hwi_hooks__C)
                  0000c998    00000008     multi_main_pem4f.oem4f (.const:ti_sysbios_knl_Idle_funcList__A)
                  0000c9a0    00000008     multi_main_pem4f.oem4f (.const:ti_sysbios_knl_Idle_funcList__C)
                  0000c9a8    00000008     multi_main_pem4f.oem4f (.const:ti_sysbios_knl_Swi_hooks__C)
                  0000c9b0    00000008     multi_main_pem4f.oem4f (.const:ti_sysbios_knl_Task_hooks__C)
                  0000c9b8    00000008     multi_main_pem4f.oem4f (.const:xdc_runtime_Startup_firstFxns__C)
                  0000c9c0    00000008     multi_main_pem4f.oem4f (.const:xdc_runtime_Startup_lastFxns__C)
                  0000c9c8    00000004     multi_Cmd.obj (.const:.string)
                  0000c9cc    00000004     multi_main_pem4f.oem4f (.const:ti_catalog_arm_cortexm4_tiva_ce_Boot_A_mustUseEnhancedClockMode__C)
                  0000c9d0    00000004     multi_main_pem4f.oem4f (.const:ti_catalog_arm_cortexm4_tiva_ce_Boot_Module__diagsEnabled__C)
                  0000c9d4    00000004     multi_main_pem4f.oem4f (.const:ti_catalog_arm_cortexm4_tiva_ce_Boot_Module__diagsIncluded__C)
                  0000c9d8    00000004     multi_main_pem4f.oem4f (.const:ti_catalog_arm_cortexm4_tiva_ce_Boot_Module__diagsMask__C)
                  0000c9dc    00000004     multi_main_pem4f.oem4f (.const:ti_sysbios_family_arm_lm4_Timer_enableFunc__C)
                  0000c9e0    00000004     multi_main_pem4f.oem4f (.const:ti_sysbios_family_arm_lm4_Timer_numTimerDevices__C)
                  0000c9e4    00000004     multi_main_pem4f.oem4f (.const:ti_sysbios_family_arm_lm4_Timer_startupNeeded__C)
                  0000c9e8    00000004     multi_main_pem4f.oem4f (.const:ti_sysbios_family_arm_m3_Hwi_E_NMI__C)
                  0000c9ec    00000004     multi_main_pem4f.oem4f (.const:ti_sysbios_family_arm_m3_Hwi_E_alreadyDefined__C)
                  0000c9f0    00000004     multi_main_pem4f.oem4f (.const:ti_sysbios_family_arm_m3_Hwi_E_busFault__C)
                  0000c9f4    00000004     multi_main_pem4f.oem4f (.const:ti_sysbios_family_arm_m3_Hwi_E_debugMon__C)
                  0000c9f8    00000004     multi_main_pem4f.oem4f (.const:ti_sysbios_family_arm_m3_Hwi_E_hardFault__C)
                  0000c9fc    00000004     multi_main_pem4f.oem4f (.const:ti_sysbios_family_arm_m3_Hwi_E_memFault__C)
                  0000ca00    00000004     multi_main_pem4f.oem4f (.const:ti_sysbios_family_arm_m3_Hwi_E_noIsr__C)
                  0000ca04    00000004     multi_main_pem4f.oem4f (.const:ti_sysbios_family_arm_m3_Hwi_E_reserved__C)
                  0000ca08    00000004     multi_main_pem4f.oem4f (.const:ti_sysbios_family_arm_m3_Hwi_E_svCall__C)
                  0000ca0c    00000004     multi_main_pem4f.oem4f (.const:ti_sysbios_family_arm_m3_Hwi_E_usageFault__C)
                  0000ca10    00000004     multi_main_pem4f.oem4f (.const:ti_sysbios_family_arm_m3_Hwi_LD_end__C)
                  0000ca14    00000004     multi_main_pem4f.oem4f (.const:ti_sysbios_family_arm_m3_Hwi_LM_begin__C)
                  0000ca18    00000004     multi_main_pem4f.oem4f (.const:ti_sysbios_family_arm_m3_Hwi_Module__diagsEnabled__C)
                  0000ca1c    00000004     multi_main_pem4f.oem4f (.const:ti_sysbios_family_arm_m3_Hwi_Module__diagsIncluded__C)
                  0000ca20    00000004     multi_main_pem4f.oem4f (.const:ti_sysbios_family_arm_m3_Hwi_Module__diagsMask__C)
                  0000ca24    00000004     multi_main_pem4f.oem4f (.const:ti_sysbios_family_arm_m3_Hwi_Module__loggerFxn1__C)
                  0000ca28    00000004     multi_main_pem4f.oem4f (.const:ti_sysbios_family_arm_m3_Hwi_Module__loggerFxn8__C)
                  0000ca2c    00000004     multi_main_pem4f.oem4f (.const:ti_sysbios_family_arm_m3_Hwi_Module__loggerObj__C)
                  0000ca30    00000004     multi_main_pem4f.oem4f (.const:ti_sysbios_family_arm_m3_Hwi_NUM_INTERRUPTS__C)
                  0000ca34    00000004     multi_main_pem4f.oem4f (.const:ti_sysbios_family_arm_m3_Hwi_Object__count__C)
                  0000ca38    00000004     multi_main_pem4f.oem4f (.const:ti_sysbios_family_arm_m3_Hwi_Object__heap__C)
                  0000ca3c    00000004     multi_main_pem4f.oem4f (.const:ti_sysbios_family_arm_m3_Hwi_ccr__C)
                  0000ca40    00000004     multi_main_pem4f.oem4f (.const:ti_sysbios_family_arm_m3_Hwi_excHandlerFunc__C)
                  0000ca44    00000004     multi_main_pem4f.oem4f (.const:ti_sysbios_family_arm_m3_Hwi_excHookFuncs__C)
                  0000ca48    00000004     multi_main_pem4f.oem4f (.const:ti_sysbios_family_arm_m3_Hwi_nullIsrFunc__C)
                  0000ca4c    00000004     multi_main_pem4f.oem4f (.const:ti_sysbios_family_arm_m3_Hwi_priGroup__C)
                  0000ca50    00000004     multi_main_pem4f.oem4f (.const:ti_sysbios_gates_GateMutex_A_badContext__C)
                  0000ca54    00000004     multi_main_pem4f.oem4f (.const:ti_sysbios_gates_GateMutex_Instance_State_sem__O)
                  0000ca58    00000004     multi_main_pem4f.oem4f (.const:ti_sysbios_gates_GateMutex_Module__diagsEnabled__C)
                  0000ca5c    00000004     multi_main_pem4f.oem4f (.const:ti_sysbios_gates_GateMutex_Module__diagsIncluded__C)
                  0000ca60    00000004     multi_main_pem4f.oem4f (.const:ti_sysbios_gates_GateMutex_Module__diagsMask__C)
                  0000ca64    00000004     multi_main_pem4f.oem4f (.const:ti_sysbios_hal_Hwi_E_stackOverflow__C)
                  0000ca68    00000004     multi_main_pem4f.oem4f (.const:ti_sysbios_heaps_HeapMem_A_align__C)
                  0000ca6c    00000004     multi_main_pem4f.oem4f (.const:ti_sysbios_heaps_HeapMem_A_heapSize__C)
                  0000ca70    00000004     multi_main_pem4f.oem4f (.const:ti_sysbios_heaps_HeapMem_A_invalidFree__C)
                  0000ca74    00000004     multi_main_pem4f.oem4f (.const:ti_sysbios_heaps_HeapMem_A_zeroBlock__C)
                  0000ca78    00000004     multi_main_pem4f.oem4f (.const:ti_sysbios_heaps_HeapMem_E_memory__C)
                  0000ca7c    00000004     multi_main_pem4f.oem4f (.const:ti_sysbios_heaps_HeapMem_Module__diagsEnabled__C)
                  0000ca80    00000004     multi_main_pem4f.oem4f (.const:ti_sysbios_heaps_HeapMem_Module__diagsIncluded__C)
                  0000ca84    00000004     multi_main_pem4f.oem4f (.const:ti_sysbios_heaps_HeapMem_Module__diagsMask__C)
                  0000ca88    00000004     multi_main_pem4f.oem4f (.const:ti_sysbios_heaps_HeapMem_Module__gateObj__C)
                  0000ca8c    00000004     multi_main_pem4f.oem4f (.const:ti_sysbios_heaps_HeapMem_Object__count__C)
                  0000ca90    00000004     multi_main_pem4f.oem4f (.const:ti_sysbios_heaps_HeapMem_reqAlign__C)
                  0000ca94    00000004     multi_main_pem4f.oem4f (.const:ti_sysbios_knl_Clock_A_badThreadType__C)
                  0000ca98    00000004     multi_main_pem4f.oem4f (.const:ti_sysbios_knl_Clock_LM_begin__C)
                  0000ca9c    00000004     multi_main_pem4f.oem4f (.const:ti_sysbios_knl_Clock_LM_tick__C)
                  0000caa0    00000004     multi_main_pem4f.oem4f (.const:ti_sysbios_knl_Clock_LW_delayed__C)
                  0000caa4    00000004     multi_main_pem4f.oem4f (.const:ti_sysbios_knl_Clock_Module_State_clockQ__O)
                  0000caa8    00000004     multi_main_pem4f.oem4f (.const:ti_sysbios_knl_Clock_Module__diagsEnabled__C)
                  0000caac    00000004     multi_main_pem4f.oem4f (.const:ti_sysbios_knl_Clock_Module__diagsIncluded__C)
                  0000cab0    00000004     multi_main_pem4f.oem4f (.const:ti_sysbios_knl_Clock_Module__diagsMask__C)
                  0000cab4    00000004     multi_main_pem4f.oem4f (.const:ti_sysbios_knl_Clock_Module__loggerFxn1__C)
                  0000cab8    00000004     multi_main_pem4f.oem4f (.const:ti_sysbios_knl_Clock_Module__loggerFxn2__C)
                  0000cabc    00000004     multi_main_pem4f.oem4f (.const:ti_sysbios_knl_Clock_Module__loggerObj__C)
                  0000cac0    00000004     multi_main_pem4f.oem4f (.const:ti_sysbios_knl_Semaphore_A_badContext__C)
                  0000cac4    00000004     multi_main_pem4f.oem4f (.const:ti_sysbios_knl_Semaphore_A_noEvents__C)
                  0000cac8    00000004     multi_main_pem4f.oem4f (.const:ti_sysbios_knl_Semaphore_A_overflow__C)
                  0000cacc    00000004     multi_main_pem4f.oem4f (.const:ti_sysbios_knl_Semaphore_A_pendTaskDisabled__C)
                  0000cad0    00000004     multi_main_pem4f.oem4f (.const:ti_sysbios_knl_Semaphore_Instance_State_pendQ__O)
                  0000cad4    00000004     multi_main_pem4f.oem4f (.const:ti_sysbios_knl_Semaphore_LM_pend__C)
                  0000cad8    00000004     multi_main_pem4f.oem4f (.const:ti_sysbios_knl_Semaphore_LM_post__C)
                  0000cadc    00000004     multi_main_pem4f.oem4f (.const:ti_sysbios_knl_Semaphore_Module__diagsEnabled__C)
                  0000cae0    00000004     multi_main_pem4f.oem4f (.const:ti_sysbios_knl_Semaphore_Module__diagsIncluded__C)
                  0000cae4    00000004     multi_main_pem4f.oem4f (.const:ti_sysbios_knl_Semaphore_Module__diagsMask__C)
                  0000cae8    00000004     multi_main_pem4f.oem4f (.const:ti_sysbios_knl_Semaphore_Module__loggerFxn2__C)
                  0000caec    00000004     multi_main_pem4f.oem4f (.const:ti_sysbios_knl_Semaphore_Module__loggerFxn4__C)
                  0000caf0    00000004     multi_main_pem4f.oem4f (.const:ti_sysbios_knl_Semaphore_Module__loggerObj__C)
                  0000caf4    00000004     multi_main_pem4f.oem4f (.const:ti_sysbios_knl_Swi_LD_end__C)
                  0000caf8    00000004     multi_main_pem4f.oem4f (.const:ti_sysbios_knl_Swi_LM_begin__C)
                  0000cafc    00000004     multi_main_pem4f.oem4f (.const:ti_sysbios_knl_Swi_LM_post__C)
                  0000cb00    00000004     multi_main_pem4f.oem4f (.const:ti_sysbios_knl_Swi_Module__diagsEnabled__C)
                  0000cb04    00000004     multi_main_pem4f.oem4f (.const:ti_sysbios_knl_Swi_Module__diagsIncluded__C)
                  0000cb08    00000004     multi_main_pem4f.oem4f (.const:ti_sysbios_knl_Swi_Module__diagsMask__C)
                  0000cb0c    00000004     multi_main_pem4f.oem4f (.const:ti_sysbios_knl_Swi_Module__loggerFxn1__C)
                  0000cb10    00000004     multi_main_pem4f.oem4f (.const:ti_sysbios_knl_Swi_Module__loggerFxn4__C)
                  0000cb14    00000004     multi_main_pem4f.oem4f (.const:ti_sysbios_knl_Swi_Module__loggerObj__C)
                  0000cb18    00000004     multi_main_pem4f.oem4f (.const:ti_sysbios_knl_Swi_Object__count__C)
                  0000cb1c    00000004     multi_main_pem4f.oem4f (.const:ti_sysbios_knl_Swi_numConstructedSwis__C)
                  0000cb20    00000004     multi_main_pem4f.oem4f (.const:ti_sysbios_knl_Task_A_badTimeout__C)
                  0000cb24    00000004     multi_main_pem4f.oem4f (.const:ti_sysbios_knl_Task_A_sleepTaskDisabled__C)
                  0000cb28    00000004     multi_main_pem4f.oem4f (.const:ti_sysbios_knl_Task_E_spOutOfBounds__C)
                  0000cb2c    00000004     multi_main_pem4f.oem4f (.const:ti_sysbios_knl_Task_E_stackOverflow__C)
                  0000cb30    00000004     multi_main_pem4f.oem4f (.const:ti_sysbios_knl_Task_LD_block__C)
                  0000cb34    00000004     multi_main_pem4f.oem4f (.const:ti_sysbios_knl_Task_LD_exit__C)
                  0000cb38    00000004     multi_main_pem4f.oem4f (.const:ti_sysbios_knl_Task_LD_ready__C)
                  0000cb3c    00000004     multi_main_pem4f.oem4f (.const:ti_sysbios_knl_Task_LM_sleep__C)
                  0000cb40    00000004     multi_main_pem4f.oem4f (.const:ti_sysbios_knl_Task_LM_switch__C)
                  0000cb44    00000004     multi_main_pem4f.oem4f (.const:ti_sysbios_knl_Task_Module_State_inactiveQ__O)
                  0000cb48    00000004     multi_main_pem4f.oem4f (.const:ti_sysbios_knl_Task_Module__diagsEnabled__C)
                  0000cb4c    00000004     multi_main_pem4f.oem4f (.const:ti_sysbios_knl_Task_Module__diagsIncluded__C)
                  0000cb50    00000004     multi_main_pem4f.oem4f (.const:ti_sysbios_knl_Task_Module__diagsMask__C)
                  0000cb54    00000004     multi_main_pem4f.oem4f (.const:ti_sysbios_knl_Task_Module__loggerFxn2__C)
                  0000cb58    00000004     multi_main_pem4f.oem4f (.const:ti_sysbios_knl_Task_Module__loggerFxn4__C)
                  0000cb5c    00000004     multi_main_pem4f.oem4f (.const:ti_sysbios_knl_Task_Module__loggerObj__C)
                  0000cb60    00000004     multi_main_pem4f.oem4f (.const:ti_sysbios_knl_Task_Object__count__C)
                  0000cb64    00000004     multi_main_pem4f.oem4f (.const:ti_sysbios_knl_Task_Object__heap__C)
                  0000cb68    00000004     multi_main_pem4f.oem4f (.const:ti_sysbios_knl_Task_allBlockedFunc__C)
                  0000cb6c    00000004     multi_main_pem4f.oem4f (.const:ti_sysbios_knl_Task_numConstructedTasks__C)
                  0000cb70    00000004     multi_main_pem4f.oem4f (.const:ti_sysbios_utils_Load_LS_cpuLoad__C)
                  0000cb74    00000004     multi_main_pem4f.oem4f (.const:ti_sysbios_utils_Load_LS_hwiLoad__C)
                  0000cb78    00000004     multi_main_pem4f.oem4f (.const:ti_sysbios_utils_Load_LS_swiLoad__C)
                  0000cb7c    00000004     multi_main_pem4f.oem4f (.const:ti_sysbios_utils_Load_LS_taskLoad__C)
                  0000cb80    00000004     multi_main_pem4f.oem4f (.const:ti_sysbios_utils_Load_Module_State_taskList__O)
                  0000cb84    00000004     multi_main_pem4f.oem4f (.const:ti_sysbios_utils_Load_Module__diagsEnabled__C)
                  0000cb88    00000004     multi_main_pem4f.oem4f (.const:ti_sysbios_utils_Load_Module__diagsIncluded__C)
                  0000cb8c    00000004     multi_main_pem4f.oem4f (.const:ti_sysbios_utils_Load_Module__diagsMask__C)
                  0000cb90    00000004     multi_main_pem4f.oem4f (.const:ti_sysbios_utils_Load_Module__loggerFxn1__C)
                  0000cb94    00000004     multi_main_pem4f.oem4f (.const:ti_sysbios_utils_Load_Module__loggerFxn2__C)
                  0000cb98    00000004     multi_main_pem4f.oem4f (.const:ti_sysbios_utils_Load_Module__loggerFxn4__C)
                  0000cb9c    00000004     multi_main_pem4f.oem4f (.const:ti_sysbios_utils_Load_Module__loggerObj__C)
                  0000cba0    00000004     multi_main_pem4f.oem4f (.const:ti_sysbios_utils_Load_postUpdate__C)
                  0000cba4    00000004     multi_main_pem4f.oem4f (.const:ti_sysbios_utils_Load_windowInMs__C)
                  0000cba8    00000004     multi_main_pem4f.oem4f (.const:ti_uia_loggers_LoggerStopMode_Module__diagsEnabled__C)
                  0000cbac    00000004     multi_main_pem4f.oem4f (.const:ti_uia_loggers_LoggerStopMode_Module__diagsIncluded__C)
                  0000cbb0    00000004     multi_main_pem4f.oem4f (.const:ti_uia_loggers_LoggerStopMode_Module__diagsMask__C)
                  0000cbb4    00000004     multi_main_pem4f.oem4f (.const:ti_uia_loggers_LoggerStopMode_Object__count__C)
                  0000cbb8    00000004     multi_main_pem4f.oem4f (.const:ti_uia_runtime_ILoggerSnapshot_Interface__BASE__C)
                  0000cbbc    00000004     multi_main_pem4f.oem4f (.const:ti_uia_runtime_IUIATransfer_Interface__BASE__C)
                  0000cbc0    00000004     multi_main_pem4f.oem4f (.const:xdc_runtime_Assert_E_assertFailed__C)
                  0000cbc4    00000004     multi_main_pem4f.oem4f (.const:xdc_runtime_Core_A_initializedParams__C)
                  0000cbc8    00000004     multi_main_pem4f.oem4f (.const:xdc_runtime_Core_Module__diagsEnabled__C)
                  0000cbcc    00000004     multi_main_pem4f.oem4f (.const:xdc_runtime_Core_Module__diagsIncluded__C)
                  0000cbd0    00000004     multi_main_pem4f.oem4f (.const:xdc_runtime_Core_Module__diagsMask__C)
                  0000cbd4    00000004     multi_main_pem4f.oem4f (.const:xdc_runtime_Error_E_memory__C)
                  0000cbd8    00000004     multi_main_pem4f.oem4f (.const:xdc_runtime_Error_Module__diagsEnabled__C)
                  0000cbdc    00000004     multi_main_pem4f.oem4f (.const:xdc_runtime_Error_Module__diagsIncluded__C)
                  0000cbe0    00000004     multi_main_pem4f.oem4f (.const:xdc_runtime_Error_Module__diagsMask__C)
                  0000cbe4    00000004     multi_main_pem4f.oem4f (.const:xdc_runtime_Error_Module__loggerFxn8__C)
                  0000cbe8    00000004     multi_main_pem4f.oem4f (.const:xdc_runtime_Error_Module__loggerObj__C)
                  0000cbec    00000004     multi_main_pem4f.oem4f (.const:xdc_runtime_Error_policyFxn__C)
                  0000cbf0    00000004     multi_main_pem4f.oem4f (.const:xdc_runtime_Error_raiseHook__C)
                  0000cbf4    00000004     multi_main_pem4f.oem4f (.const:xdc_runtime_IFilterLogger_Interface__BASE__C)
                  0000cbf8    00000004     multi_main_pem4f.oem4f (.const:xdc_runtime_IGateProvider_Interface__BASE__C)
                  0000cbfc    00000004     multi_main_pem4f.oem4f (.const:xdc_runtime_IHeap_Interface__BASE__C)
                  0000cc00    00000004     multi_main_pem4f.oem4f (.const:xdc_runtime_ILogger_Interface__BASE__C)
                  0000cc04    00000004     multi_main_pem4f.oem4f (.const:xdc_runtime_IModule_Interface__BASE__C)
                  0000cc08    00000004     multi_main_pem4f.oem4f (.const:xdc_runtime_Log_L_error__C)
                  0000cc0c    00000004     multi_main_pem4f.oem4f (.const:xdc_runtime_Memory_defaultHeapInstance__C)
                  0000cc10    00000004     multi_main_pem4f.oem4f (.const:xdc_runtime_Startup_execImpl__C)
                  0000cc14    00000004     multi_main_pem4f.oem4f (.const:xdc_runtime_Startup_lastFxns__A)
                  0000cc18    00000004     multi_main_pem4f.oem4f (.const:xdc_runtime_Startup_maxPasses__C)
                  0000cc1c    00000004     multi_main_pem4f.oem4f (.const:xdc_runtime_Startup_sfxnRts__C)
                  0000cc20    00000004     multi_main_pem4f.oem4f (.const:xdc_runtime_Startup_sfxnTab__C)
                  0000cc24    00000004     multi_main_pem4f.oem4f (.const:xdc_runtime_SysMin_bufSize__C)
                  0000cc28    00000004     multi_main_pem4f.oem4f (.const:xdc_runtime_SysMin_outputFunc__C)
                  0000cc2c    00000004     multi_main_pem4f.oem4f (.const:xdc_runtime_System_Module__gateObj__C)
                  0000cc30    00000004     multi_main_pem4f.oem4f (.const:xdc_runtime_System_abortFxn__C)
                  0000cc34    00000004     multi_main_pem4f.oem4f (.const:xdc_runtime_System_exitFxn__C)
                  0000cc38    00000004     multi_main_pem4f.oem4f (.const:xdc_runtime_System_extendFxn__C)
                  0000cc3c    00000004     multi_main_pem4f.oem4f (.const:xdc_runtime_System_maxAtexitHandlers__C)
                  0000cc40    00000004     multi_main_pem4f.oem4f (.const:xdc_runtime_Text_charTab__C)
                  0000cc44    00000004     multi_main_pem4f.oem4f (.const:xdc_runtime_Text_nameEmpty__C)
                  0000cc48    00000004     multi_main_pem4f.oem4f (.const:xdc_runtime_Text_nameStatic__C)
                  0000cc4c    00000004     multi_main_pem4f.oem4f (.const:xdc_runtime_Text_nameUnknown__C)
                  0000cc50    00000004     multi_main_pem4f.oem4f (.const:xdc_runtime_Text_nodeTab__C)
                  0000cc54    00000004     multi_main_pem4f.oem4f (.const:xdc_runtime_Text_visitRopeFxn__C)
                  0000cc58    00000002     multi_main_pem4f.oem4f (.const:ti_sysbios_family_arm_m3_Hwi_Module__id__C)
                  0000cc5a    00000002     multi_main_pem4f.oem4f (.const:ti_sysbios_family_arm_m3_Hwi_Module__loggerDefined__C)
                  0000cc5c    00000002     multi_main_pem4f.oem4f (.const:ti_sysbios_gates_GateMutex_Module__id__C)
                  0000cc5e    00000002     multi_main_pem4f.oem4f (.const:ti_sysbios_hal_Hwi_Module__id__C)
                  0000cc60    00000002     multi_main_pem4f.oem4f (.const:ti_sysbios_heaps_HeapMem_Module__id__C)
                  0000cc62    00000002     multi_main_pem4f.oem4f (.const:ti_sysbios_knl_Clock_Module__id__C)
                  0000cc64    00000002     multi_main_pem4f.oem4f (.const:ti_sysbios_knl_Clock_Module__loggerDefined__C)
                  0000cc66    00000002     multi_main_pem4f.oem4f (.const:ti_sysbios_knl_Semaphore_Module__id__C)
                  0000cc68    00000002     multi_main_pem4f.oem4f (.const:ti_sysbios_knl_Semaphore_Module__loggerDefined__C)
                  0000cc6a    00000002     multi_main_pem4f.oem4f (.const:ti_sysbios_knl_Swi_Module__id__C)
                  0000cc6c    00000002     multi_main_pem4f.oem4f (.const:ti_sysbios_knl_Swi_Module__loggerDefined__C)
                  0000cc6e    00000002     multi_main_pem4f.oem4f (.const:ti_sysbios_knl_Task_Module__id__C)
[...]
0000cb8c  ti_sysbios_utils_Load_Module__diagsMask__C                        
0000cb90  ti_sysbios_utils_Load_Module__loggerFxn1__C                       
0000cb94  ti_sysbios_utils_Load_Module__loggerFxn2__C                       
0000cb98  ti_sysbios_utils_Load_Module__loggerFxn4__C                       
0000cb9c  ti_sysbios_utils_Load_Module__loggerObj__C                        
0000cba0  ti_sysbios_utils_Load_postUpdate__C                               
0000cba4  ti_sysbios_utils_Load_windowInMs__C                               
0000cba8  ti_uia_loggers_LoggerStopMode_Module__diagsEnabled__C             
0000cbac  ti_uia_loggers_LoggerStopMode_Module__diagsIncluded__C            
0000cbb0  ti_uia_loggers_LoggerStopMode_Module__diagsMask__C                
0000cbb4  ti_uia_loggers_LoggerStopMode_Object__count__C                    
0000cbb8  ti_uia_runtime_ILoggerSnapshot_Interface__BASE__C                 
0000cbbc  ti_uia_runtime_IUIATransfer_Interface__BASE__C                    
0000cbc0  xdc_runtime_Assert_E_assertFailed__C                              
0000cbc4  xdc_runtime_Core_A_initializedParams__C                           
0000cbc8  xdc_runtime_Core_Module__diagsEnabled__C                          
0000cbcc  xdc_runtime_Core_Module__diagsIncluded__C                         
0000cbd0  xdc_runtime_Core_Module__diagsMask__C                             
0000cbd4  xdc_runtime_Error_E_memory__C                                     
0000cbd8  xdc_runtime_Error_Module__diagsEnabled__C                         
0000cbdc  xdc_runtime_Error_Module__diagsIncluded__C                        
0000cbe0  xdc_runtime_Error_Module__diagsMask__C                            
0000cbe4  xdc_runtime_Error_Module__loggerFxn8__C                           
0000cbe8  xdc_runtime_Error_Module__loggerObj__C                            
0000cbec  xdc_runtime_Error_policyFxn__C                                    
0000cbf0  xdc_runtime_Error_raiseHook__C                                    
0000cbf4  xdc_runtime_IFilterLogger_Interface__BASE__C                      
0000cbf8  xdc_runtime_IGateProvider_Interface__BASE__C                      
0000cbfc  xdc_runtime_IHeap_Interface__BASE__C                              
0000cc00  xdc_runtime_ILogger_Interface__BASE__C                            
0000cc04  xdc_runtime_IModule_Interface__BASE__C                            
0000cc08  xdc_runtime_Log_L_error__C                                        
0000cc0c  xdc_runtime_Memory_defaultHeapInstance__C                         
0000cc10  xdc_runtime_Startup_execImpl__C                                   
0000cc14  xdc_runtime_Startup_lastFxns__A                                   
0000cc18  xdc_runtime_Startup_maxPasses__C                                  
0000cc1c  xdc_runtime_Startup_sfxnRts__C                                    
0000cc20  xdc_runtime_Startup_sfxnTab__C                                    
0000cc24  xdc_runtime_SysMin_bufSize__C                                     
0000cc28  xdc_runtime_SysMin_outputFunc__C                                  
0000cc2c  xdc_runtime_System_Module__gateObj__C                             
0000cc30  xdc_runtime_System_abortFxn__C                                    
0000cc34  xdc_runtime_System_exitFxn__C                                     
0000cc38  xdc_runtime_System_extendFxn__C                                   
0000cc3c  xdc_runtime_System_maxAtexitHandlers__C                           
0000cc40  xdc_runtime_Text_charTab__C                                       
0000cc44  xdc_runtime_Text_nameEmpty__C                                     
0000cc48  xdc_runtime_Text_nameStatic__C                                    
0000cc4c  xdc_runtime_Text_nameUnknown__C                                   
0000cc50  xdc_runtime_Text_nodeTab__C                                       
0000cc54  xdc_runtime_Text_visitRopeFxn__C                                  
0000cc58  ti_sysbios_family_arm_m3_Hwi_Module__id__C                        
0000cc5a  ti_sysbios_family_arm_m3_Hwi_Module__loggerDefined__C             
0000cc5c  ti_sysbios_gates_GateMutex_Module__id__C                          
0000cc5e  ti_sysbios_hal_Hwi_Module__id__C                                  
0000cc60  ti_sysbios_heaps_HeapMem_Module__id__C                            
0000cc62  ti_sysbios_knl_Clock_Module__id__C                                
0000cc64  ti_sysbios_knl_Clock_Module__loggerDefined__C                     
0000cc66  ti_sysbios_knl_Semaphore_Module__id__C                            
0000cc68  ti_sysbios_knl_Semaphore_Module__loggerDefined__C                 
0000cc6a  ti_sysbios_knl_Swi_Module__id__C                                  
0000cc6c  ti_sysbios_knl_Swi_Module__loggerDefined__C                       
0000cc6e  ti_sysbios_knl_Task_Module__id__C                                 
0000cc70  ti_sysbios_knl_Task_Module__loggerDefined__C                      
0000cc72  ti_sysbios_knl_Task_initStackFlag__C                              
0000cc74  ti_sysbios_utils_Load_Module__id__C                               
0000cc76  ti_sysbios_utils_Load_Module__loggerDefined__C                    
0000cc78  ti_sysbios_utils_Load_autoAddTasks__C                             
0000cc7a  ti_sysbios_utils_Load_updateInIdle__C                             
0000cc7c  ti_uia_loggers_LoggerStopMode_Module__id__C                       
0000cc7e  ti_uia_loggers_LoggerStopMode_isTimestampEnabled__C               
0000cc80  xdc_runtime_Core_Module__id__C                                    
0000cc82  xdc_runtime_Error_Module__loggerDefined__C                        
0000cc84  xdc_runtime_Error_maxDepth__C                                     
0000cc86  xdc_runtime_Memory_Module__id__C                                  
0000cc88  xdc_runtime_SysMin_flushAtExit__C                                 
0000cc8a  xdc_runtime_Text_charCnt__C                                       
0000cc8c  xdc_runtime_Text_isLoaded__C                                      
0000cc8e  xdc_runtime_Text_registryModsLastId__C                            
0000cc90  xdc_runtime_Text_unnamedModsLastId__C                             
0000cc98  __TI_static_base__                                                
0000d53c  __TI_Handler_Table_Base                                           
0000d548  __TI_Handler_Table_Limit                                          
0000d558  __TI_CINIT_Base                                                   
0000d570  __TI_CINIT_Limit                                                  
20000000  ti_sysbios_family_arm_m3_Hwi_ramVectors                           
20000380  ti_sysbios_knl_Task_Instance_State_0_stack__A                     
20000b80  ti_sysbios_knl_Task_Instance_State_1_stack__A                     
20001380  ti_sysbios_knl_Task_Instance_State_2_stack__A                     
20001b80  ti_sysbios_knl_Task_Instance_State_3_stack__A                     
20002380  ti_sysbios_knl_Task_Instance_State_4_stack__A                     
20002b80  ti_sysbios_knl_Task_Instance_State_5_stack__A                     
20003380  ti_sysbios_knl_Task_Instance_State_6_stack__A                     
20003b80  ti_sysbios_knl_Task_Instance_State_7_stack__A                     
20004380  ti_sysbios_heaps_HeapMem_Instance_State_0_buf__A                  
20005380  ti_uia_loggers_LoggerStopMode_Instance_State_1_packetArray__A     
20005780  ti_uia_loggers_LoggerStopMode_Instance_State_2_packetArray__A     
20005b80  xdc_runtime_SysMin_Module_State_0_outbuf__A                       
20005f80  ti_sysbios_family_arm_m3_Hwi_dispatchTable                        
200062e0  uartTivaRingBuffer                                                
20006300  ti_uia_loggers_LoggerStopMode_Instance_State_0_packetArray__A     
20006500  __CIOBUF_                                                         
20006620  uartTivaObjects                                                   
20006780  ti_uia_loggers_LoggerStopMode_Instance_State_0_hdr__A             
200067b0  pwmTivaObjects                                                    
200067c8  ti_sysbios_family_arm_m3_Hwi_Instance_State_0_hookEnv__A          
200067cc  ti_sysbios_family_arm_m3_Hwi_Instance_State_1_hookEnv__A          
200067d0  ti_sysbios_family_arm_m3_Hwi_Instance_State_2_hookEnv__A          
200067d4  ti_sysbios_family_arm_m3_Hwi_Instance_State_3_hookEnv__A          
200067d8  ti_sysbios_family_arm_m3_Hwi_Instance_State_4_hookEnv__A          
200067dc  ti_sysbios_family_arm_m3_Hwi_Instance_State_5_hookEnv__A          
200067e0  ti_sysbios_family_arm_m3_Hwi_Instance_State_6_hookEnv__A          
200067e4  ti_sysbios_knl_Swi_Instance_State_0_hookEnv__A                    
200067e8  ti_sysbios_knl_Swi_Instance_State_1_hookEnv__A                    
200067ec  ti_sysbios_knl_Task_Instance_State_0_hookEnv__A                   
200067f0  ti_sysbios_knl_Task_Instance_State_1_hookEnv__A                   
200067f4  ti_sysbios_knl_Task_Instance_State_2_hookEnv__A                   
200067f8  ti_sysbios_knl_Task_Instance_State_3_hookEnv__A                   
200067fc  ti_sysbios_knl_Task_Instance_State_4_hookEnv__A                   
20006800  ti_uia_loggers_LoggerStopMode_Instance_State_1_hdr__A             
20006830  ti_sysbios_knl_Task_Instance_State_5_hookEnv__A                   
20006834  ti_sysbios_knl_Task_Instance_State_6_hookEnv__A                   
20006838  ti_sysbios_knl_Task_Instance_State_7_hookEnv__A                   
20006880  ti_uia_loggers_LoggerStopMode_Instance_State_2_hdr__A             
200068b0  ti_sysbios_knl_Task_Object__table__V                              
20006ae0  TSK_idle                                                          
20006b30  xdc_runtime_Diags_dictElems                                       
20006b50  ti_sysbios_family_arm_lm4_Timer_Module__root__V                   
20006b58  ti_sysbios_family_arm_lm4_Timer_Module_State_0_handles__A         
20006b70  ti_sysbios_family_arm_lm4_Timer_Module__state__V                  
20006b7c  ti_sysbios_family_arm_lm4_TimestampProvider_Module__state__V      
20006b84  ti_sysbios_family_arm_m3_Hwi_Module__root__V                      
20006b8c  ti_sysbios_family_arm_m3_Hwi_Module_State_0_excActive__A          
20006b90  ti_sysbios_family_arm_m3_Hwi_Module_State_0_excContext__A         
20006b94  ti_sysbios_family_arm_m3_Hwi_Module_State_0_excStack__A           
20006b98  ti_sysbios_gates_GateHwi_Module__root__V                          
20006ba0  ti_sysbios_gates_GateHwi_Object__table__V                         
20006ba4  ti_sysbios_gates_GateMutex_Module__root__V                        
20006bac  ti_sysbios_hal_Hwi_Module__root__V                                
20006bb4  ti_sysbios_hal_Hwi_Object__table__V                               
20006bbc  ti_sysbios_hal_Timer_Module__root__V                              
20006bc4  ti_sysbios_hal_Timer_Object__table__V                             
20006be4  ti_sysbios_heaps_HeapMem_Module__root__V                          
20006bec  ti_sysbios_heaps_HeapMem_Object__table__V                         
20006c04  ti_sysbios_knl_Clock_Module__root__V                              
20006c0c  ti_sysbios_knl_Event_Module__root__V                              
20006c18  ti_sysbios_knl_Queue_Module__root__V                              
20006c20  ti_sysbios_knl_Semaphore_Module__root__V                          
20006c28  ti_sysbios_knl_Swi_Module__root__V                                
20006c30  ti_sysbios_knl_Swi_Module__state__V                               
20006c4c  ti_sysbios_knl_Task_Module__root__V                               
20006c58  ti_sysbios_knl_Task_Module_State_0_idleTask__A                    
20006c5c  ti_sysbios_utils_Load_Module_State_0_taskStartTime__A             
20006c60  ti_sysbios_utils_Load_Module_State_0_runningTask__A               
20006c64  ti_uia_loggers_LoggerStopMode_Module__root__V                     
20006c6c  ti_uia_loggers_LoggerStopMode_Module__state__V                    
20006c74  ti_uia_runtime_QueueDescriptor_Module__state__V                   
20006c80  xdc_runtime_Error_Module__state__V                                
20006c82  xdc_runtime_Main_Module__root__V                                  
20006c84  xdc_runtime_Memory_Module__state__V                               
20006c88  xdc_runtime_Registry_Module__state__V                             
20006c90  xdc_runtime_Startup_Module__state__V                              
20006c98  xdc_runtime_SysMin_Module__state__V                               
20006ca4  xdc_runtime_System_Module_State_0_atexitHandlers__A               
20006cc4  xdc_runtime_System_Module__state__V                               
20006ccc  xdc_runtime_Text_Module__state__V                                 
20006cd4  __xdc__init__addr                                                 
20006cd8  ti_sysbios_family_arm_lm4_Timer_Object__table__V                  
20006e58  drive_state                                                       
20006e5c  prev_follow_state                                                 
20006e60  speed_r                                                           
20006e64  speed_l                                                           
20006e68  wall_det                                                          
20006e6c  line1_det                                                         
20006e70  line2_det                                                         
20006e74  stop_det                                                          
20006e78  front_wall_det                                                    
20006e7c  black_count                                                       
20006e80  error                                                             
20006e84  CmdResponseBuffer                                                 
20006e98  LocalResponseBuffer                                               
20006eac  GlobalCmdBuffer                                                   
20006ec0  RxBuffer                                                          
20006ed4  TxBuffer                                                          
20006ee8  FullBuffer                                                        
20006efc  ID                                                                
20006f10  command                                                           
20006f13  hwiBuffer                                                         
20006f27  pingPong0                                                         
20006f3b  pingPong1                                                         
20006f50  pingptr0                                                          
20006f54  pingptr1                                                          
20006f58  LocalResponseBufferPtr                                            
20006f5c  CmdResponseBufferPtr                                              
20006f60  GlobalCmdBufferPtr                                                
20006f64  RxBufferPtr                                                       
20006f68  TxBufferPtr                                                       
20006f6c  FullBufferPtr                                                     
20006f70  RxBufferPosition                                                  
20006f74  lightPtr                                                          
20006f78  read                                                              
20006f7c  lrc                                                               
20006f80  lrc_in                                                            
20006f84  bufferPos                                                         
20006f88  pingFlag                                                          
20006f8c  wasWhite                                                          
20006f90  adState                                                           
20006f94  numChars                                                          
20006f98  noLrc                                                             
20006f9c  RMS                                                               
20006fa0  RMS_cnt                                                           
20006fa4  ti_sysbios_utils_Load_Module_State_0_taskEnv__A                   
20007084  ti_sysbios_knl_Semaphore_Object__table__V                         
20007160  ti_sysbios_family_arm_m3_Hwi_Object__table__V                     
20007208  ti_uia_loggers_LoggerStopMode_Object__table__V                    
200072a4  ti_sysbios_utils_Load_Module__state__V                            
2000733c  ti_sysbios_knl_Swi_Module_State_0_readyQ__A                       
200073bc  ti_sysbios_knl_Task_Module_State_0_readyQ__A                      
2000743c  ti_sysbios_knl_Swi_Object__table__V                               
2000749c  current_distance                                                  
200074a0  old_distance                                                      
200074a4  old_error                                                         
200074a8  i_partial                                                         
200074ac  p_calc                                                            
200074b0  i_calc                                                            
200074b4  d_calc                                                            
200074b8  d_old                                                             
200074bc  i_sum                                                             
200074c0  pid_old                                                           
200074c4  pid                                                               
200074c8  error_hist                                                        
200074d8  hist_index                                                        
200074e0  ti_sysbios_knl_Task_Module__state__V                              
20007524  ti_sysbios_knl_Clock_Object__table__V                             
20007564  ti_sysbios_gates_GateMutex_Object__table__V                       
2000759c  ti_sysbios_family_arm_m3_Hwi_Module__state__V                     
200075d0  cmdTable                                                          
200075e4  fnTable                                                           
20007600  ti_sysbios_family_arm_lm4_Timer_Module_State_0_device__A          
20007630  ti_sysbios_knl_Clock_Module__state__V                             
2000765c  ti_sysbios_BIOS_Module__state__V                                  
20007684  gpioPinConfigs                                                    
20007698  gpioCallbackFunctions                                             
200076b8  _lock                                                             
200076bc  _unlock                                                           
200076c0  __TI_cleanup_ptr                                                  
200076c4  __TI_dtors_ptr                                                    
200076c8  ti_uia_runtime_QueueDescriptor_gPtrToFirstDescriptor              
200076cc  ti_uia_runtime_QueueDescriptor_gUpdateCount                       
200076e0  main_func_sp                                                      
200076e4  __stack                                                           
200078e4  __STACK_TOP                                                       
200079e4  __STACK_END                                                       
e000e000  ti_sysbios_family_arm_m3_Hwi_nvic                                 
ffffffff  __binit__                                                         
ffffffff  __c_args__                                                        
ffffffff  binit                                                             
UNDEFED   SHT$$INIT_ARRAY$$Base                                             
UNDEFED   SHT$$INIT_ARRAY$$Limit                                            

[970 symbols]
